<html>
<body>
<pre>
<h1>µVision Build Log</h1>
<h2>Tool Versions:</h2>
IDE-Version: µVision V5.25.2.0
Copyright (C) 2018 ARM Ltd and ARM Germany GmbH. All rights reserved.
License Information: Pranav Dhandar, VIT, LIC=----
 
Tool Versions:
Toolchain:       MDK-Lite  Version: 5.25.2.0
Toolchain Path:  C:\Keil_v5\ARM\ARMCC\Bin
C Compiler:      Armcc.exe V5.06 update 6 (build 750)
Assembler:       Armasm.exe V5.06 update 6 (build 750)
Linker/Locator:  ArmLink.exe V5.06 update 6 (build 750)
Library Manager: ArmAr.exe V5.06 update 6 (build 750)
Hex Converter:   FromElf.exe V5.06 update 6 (build 750)
CPU DLL:         SARM.DLL V5.25.2.0
Dialog DLL:      DARMP.DLL V1.53.0.0
Target DLL:      UL2ARM.DLL V1.74.10.0
Dialog DLL:      TARMP.DLL V1.53.0.0
 
<h2>Project:</h2>
E:\CODE_&_ELECTRONICS\ELECTRONICS_main\KEIL\BMS project\BMS_RTOS\RTOS.uvproj
Project File Date:  11/02/2023

<h2>Output:</h2>
*** Using Compiler 'V5.06 update 6 (build 750)', folder: 'C:\Keil_v5\ARM\ARMCC\Bin'
Rebuild target 'Target 1'
assembling Startup.s...
compiling list.c...
compiling queue.c...
queue.c(472): warning:  #177-D: function "prvInitialiseMutex"  was declared but never referenced
  static void prvInitialiseMutex( Queue_t *pxNewQueue )
queue.c: 1 warning, 0 errors
compiling port.c...
assembling portASM.s...
compiling tasks.c...
compiling heap_2.c...
compiling test_xx.c...
ADC.h(19): warning:  #61-D: integer operation result is out of range
  	while( (AD0GDR & (0x01 << 31)) == 0 );
ADC.h(19): warning:  #68-D: integer conversion resulted in a change of sign
  	while( (AD0GDR & (0x01 << 31)) == 0 );
UART.h(116): warning:  #550-D: variable "msg"  was set but never used
  	unsigned int msg;
UART.h(145): warning:  #1-D: last line of file ends without a newline
  */
LCD.h(16): warning:  #1295-D: Deprecated declaration LCDinit - give arg types
  void LCDinit();
LCD.h(17): warning:  #1295-D: Deprecated declaration LCDnewLine - give arg types
  void LCDnewLine();
LCD.h(123): warning:  #1-D: last line of file ends without a newline
  }
GPIO.h(156): warning:  #1294-D: Old-style function multiRead
  	unsigned int multiRead (port_Num, pin_first, pin_last)
GPIO.h(156): warning:  #1079-D: standard requires that parameter "port_Num"  be given a type by a subsequent declaration ("int" assumed)
  	unsigned int multiRead (port_Num, pin_first, pin_last)
GPIO.h(156): warning:  #1079-D: standard requires that parameter "pin_first"  be given a type by a subsequent declaration ("int" assumed)
  	unsigned int multiRead (port_Num, pin_first, pin_last)
GPIO.h(156): warning:  #1079-D: standard requires that parameter "pin_last"  be given a type by a subsequent declaration ("int" assumed)
  	unsigned int multiRead (port_Num, pin_first, pin_last)
GPIO.h(183): warning:  #1294-D: Old-style function PINSEL
   void PINSEL( port_Num, pin_Num, fun)
GPIO.h(183): warning:  #1079-D: standard requires that parameter "port_Num"  be given a type by a subsequent declaration ("int" assumed)
   void PINSEL( port_Num, pin_Num, fun)
GPIO.h(183): warning:  #1079-D: standard requires that parameter "pin_Num"  be given a type by a subsequent declaration ("int" assumed)
   void PINSEL( port_Num, pin_Num, fun)
GPIO.h(183): warning:  #1079-D: standard requires that parameter "fun"  be given a type by a subsequent declaration ("int" assumed)
   void PINSEL( port_Num, pin_Num, fun)
GPIO.h(245): warning:  #1-D: last line of file ends without a newline
    }
EEPROM.h(31): warning:  #177-D: variable "status"  was declared but never referenced
  	unsigned int status;
EEPROM.h(46): warning:  #177-D: variable "status"  was declared but never referenced
  	unsigned int status;
EEPROM.h(53): warning:  #177-D: variable "status"  was declared but never referenced
  	unsigned int status;
EEPROM.h(103): warning:  #1-D: last line of file ends without a newline
  }
EEPROM.h(91): warning:  #177-D: variable "status"  was declared but never referenced
  	unsigned int status;
test_xx.c(16): warning:  #1295-D: Deprecated declaration delayms - give arg types
  void delayms();
test_xx.c(17): warning:  #1295-D: Deprecated declaration wmsg - give arg types
  void wmsg();
test_xx.c(265): warning:  #177-D: variable "n1"  was declared but never referenced
  	int n1=0;
test_xx.c(279): warning:  #1-D: last line of file ends without a newline
  */
test_xx.c: 25 warnings, 0 errors
linking...
Program Size: Code=17364 RO-data=336 RW-data=260 ZI-data=18308  
FromELF: creating hex file...
".\Objects\RTOS.axf" - 0 Error(s), 26 Warning(s).
Build Time Elapsed:  00:00:01
</pre>
</body>
</html>
