<html>
<body>
<pre>
<h1>µVision Build Log</h1>
<h2>Tool Versions:</h2>
IDE-Version: µVision V5.25.2.0
Copyright (C) 2018 ARM Ltd and ARM Germany GmbH. All rights reserved.
License Information: Pranav Dhandar, VIT, LIC=----
 
Tool Versions:
Toolchain:       MDK-Lite  Version: 5.25.2.0
Toolchain Path:  C:\Keil_v5\ARM\ARMCC\Bin
C Compiler:      Armcc.exe V5.06 update 6 (build 750)
Assembler:       Armasm.exe V5.06 update 6 (build 750)
Linker/Locator:  ArmLink.exe V5.06 update 6 (build 750)
Library Manager: ArmAr.exe V5.06 update 6 (build 750)
Hex Converter:   FromElf.exe V5.06 update 6 (build 750)
CPU DLL:         SARM.DLL V5.25.2.0
Dialog DLL:      DARMP.DLL V1.53.0.0
Target DLL:      UL2ARM.DLL V1.74.10.0
Dialog DLL:      TARMP.DLL V1.53.0.0
 
<h2>Project:</h2>
D:\BMSxxx\test_bms.uvproj
Project File Date:  10/31/2023

<h2>Output:</h2>
*** Using Compiler 'V5.06 update 6 (build 750)', folder: 'C:\Keil_v5\ARM\ARMCC\Bin'
Rebuild target 'Target 1'
assembling Startup.s...
compiling test_xx.c...
LCD.h(16): warning:  #1295-D: Deprecated declaration LCDinit - give arg types
  void LCDinit();
LCD.h(17): warning:  #1295-D: Deprecated declaration LCDnewLine - give arg types
  void LCDnewLine();
LCD.h(123): warning:  #1-D: last line of file ends without a newline
  }
ADC.h(19): warning:  #61-D: integer operation result is out of range
  	while( (AD0GDR & (0x01 << 31)) == 0 );
ADC.h(19): warning:  #68-D: integer conversion resulted in a change of sign
  	while( (AD0GDR & (0x01 << 31)) == 0 );
test_xx.c(23): warning:  #550-D: variable "af"  was set but never used
  	float af;
test_xx.c(43): warning:  #1-D: last line of file ends without a newline
  }
test_xx.c: 7 warnings, 0 errors
linking...
Program Size: Code=2920 RO-data=96 RW-data=0 ZI-data=1256  
FromELF: creating hex file...
".\Objects\test_bms.axf" - 0 Error(s), 7 Warning(s).
Build Time Elapsed:  00:00:00
</pre>
</body>
</html>
