Component: ARM Compiler 5.06 update 6 (build 750) Tool: armlink [4d35ed]

==============================================================================

Section Cross References

    startup.o(STACK) refers (Special) to heapauxi.o(.text) for __use_two_region_memory
    startup.o(HEAP) refers (Special) to heapauxi.o(.text) for __use_two_region_memory
    startup.o(RESET) refers (Special) to heapauxi.o(.text) for __use_two_region_memory
    startup.o(RESET) refers to portasm.o(PORT_ASM) for vPortYieldProcessor
    startup.o(RESET) refers to startup.o(STACK) for Stack_Top
    startup.o(RESET) refers to __main.o(!!!main) for __main
    startup.o(.text) refers (Special) to heapauxi.o(.text) for __use_two_region_memory
    startup.o(.text) refers to startup.o(HEAP) for Heap_Mem
    startup.o(.text) refers to startup.o(STACK) for Stack_Mem
    queue.o(i.prvCopyDataFromQueue) refers to rt_memcpy.o(.text) for __aeabi_memcpy
    queue.o(i.prvCopyDataToQueue) refers to rt_memcpy.o(.text) for __aeabi_memcpy
    queue.o(i.prvInitialiseMutex) refers to queue.o(i.xQueueGenericSend) for xQueueGenericSend
    queue.o(i.prvInitialiseNewQueue) refers to queue.o(i.xQueueGenericReset) for xQueueGenericReset
    queue.o(i.prvIsQueueEmpty) refers to port.o(i.vPortEnterCritical) for vPortEnterCritical
    queue.o(i.prvIsQueueEmpty) refers to port.o(i.vPortExitCritical) for vPortExitCritical
    queue.o(i.prvIsQueueFull) refers to port.o(i.vPortEnterCritical) for vPortEnterCritical
    queue.o(i.prvIsQueueFull) refers to port.o(i.vPortExitCritical) for vPortExitCritical
    queue.o(i.prvUnlockQueue) refers to port.o(i.vPortEnterCritical) for vPortEnterCritical
    queue.o(i.prvUnlockQueue) refers to tasks.o(i.xTaskRemoveFromEventList) for xTaskRemoveFromEventList
    queue.o(i.prvUnlockQueue) refers to tasks.o(i.vTaskMissedYield) for vTaskMissedYield
    queue.o(i.prvUnlockQueue) refers to port.o(i.vPortExitCritical) for vPortExitCritical
    queue.o(i.uxQueueMessagesWaiting) refers to port.o(i.vPortEnterCritical) for vPortEnterCritical
    queue.o(i.uxQueueMessagesWaiting) refers to port.o(i.vPortExitCritical) for vPortExitCritical
    queue.o(i.uxQueueSpacesAvailable) refers to port.o(i.vPortEnterCritical) for vPortEnterCritical
    queue.o(i.uxQueueSpacesAvailable) refers to port.o(i.vPortExitCritical) for vPortExitCritical
    queue.o(i.vQueueDelete) refers to heap_2.o(i.vPortFree) for vPortFree
    queue.o(i.xQueueGenericCreate) refers to heap_2.o(i.pvPortMalloc) for pvPortMalloc
    queue.o(i.xQueueGenericCreate) refers to queue.o(i.prvInitialiseNewQueue) for prvInitialiseNewQueue
    queue.o(i.xQueueGenericReceive) refers to port.o(i.vPortEnterCritical) for vPortEnterCritical
    queue.o(i.xQueueGenericReceive) refers to queue.o(i.prvCopyDataFromQueue) for prvCopyDataFromQueue
    queue.o(i.xQueueGenericReceive) refers to tasks.o(i.xTaskRemoveFromEventList) for xTaskRemoveFromEventList
    queue.o(i.xQueueGenericReceive) refers to portasm.o(PORT_ASM) for vPortYield
    queue.o(i.xQueueGenericReceive) refers to port.o(i.vPortExitCritical) for vPortExitCritical
    queue.o(i.xQueueGenericReceive) refers to tasks.o(i.vTaskSetTimeOutState) for vTaskSetTimeOutState
    queue.o(i.xQueueGenericReceive) refers to tasks.o(i.vTaskSuspendAll) for vTaskSuspendAll
    queue.o(i.xQueueGenericReceive) refers to tasks.o(i.xTaskCheckForTimeOut) for xTaskCheckForTimeOut
    queue.o(i.xQueueGenericReceive) refers to queue.o(i.prvIsQueueEmpty) for prvIsQueueEmpty
    queue.o(i.xQueueGenericReceive) refers to tasks.o(i.vTaskPlaceOnEventList) for vTaskPlaceOnEventList
    queue.o(i.xQueueGenericReceive) refers to queue.o(i.prvUnlockQueue) for prvUnlockQueue
    queue.o(i.xQueueGenericReceive) refers to tasks.o(i.xTaskResumeAll) for xTaskResumeAll
    queue.o(i.xQueueGenericReset) refers to port.o(i.vPortEnterCritical) for vPortEnterCritical
    queue.o(i.xQueueGenericReset) refers to tasks.o(i.xTaskRemoveFromEventList) for xTaskRemoveFromEventList
    queue.o(i.xQueueGenericReset) refers to portasm.o(PORT_ASM) for vPortYield
    queue.o(i.xQueueGenericReset) refers to list.o(i.vListInitialise) for vListInitialise
    queue.o(i.xQueueGenericReset) refers to port.o(i.vPortExitCritical) for vPortExitCritical
    queue.o(i.xQueueGenericSend) refers to port.o(i.vPortEnterCritical) for vPortEnterCritical
    queue.o(i.xQueueGenericSend) refers to queue.o(i.prvCopyDataToQueue) for prvCopyDataToQueue
    queue.o(i.xQueueGenericSend) refers to tasks.o(i.xTaskRemoveFromEventList) for xTaskRemoveFromEventList
    queue.o(i.xQueueGenericSend) refers to portasm.o(PORT_ASM) for vPortYield
    queue.o(i.xQueueGenericSend) refers to port.o(i.vPortExitCritical) for vPortExitCritical
    queue.o(i.xQueueGenericSend) refers to tasks.o(i.vTaskSetTimeOutState) for vTaskSetTimeOutState
    queue.o(i.xQueueGenericSend) refers to tasks.o(i.vTaskSuspendAll) for vTaskSuspendAll
[...]
    ../clib/angel/boardlib.s                 0x00000000   Number         0  boardinit2.o ABSOLUTE
    ../clib/angel/boardlib.s                 0x00000000   Number         0  boardinit1.o ABSOLUTE
    ../clib/angel/boardlib.s                 0x00000000   Number         0  boardshut.o ABSOLUTE
    ../clib/angel/handlers.s                 0x00000000   Number         0  __scatter_zi.o ABSOLUTE
    ../clib/angel/handlers.s                 0x00000000   Number         0  __scatter_copy.o ABSOLUTE
    ../clib/angel/kernel.s                   0x00000000   Number         0  rtexit2.o ABSOLUTE
    ../clib/angel/kernel.s                   0x00000000   Number         0  __rtentry2.o ABSOLUTE
    ../clib/angel/kernel.s                   0x00000000   Number         0  rtexit.o ABSOLUTE
    ../clib/angel/kernel.s                   0x00000000   Number         0  __rtentry.o ABSOLUTE
    ../clib/angel/kernel.s                   0x00000000   Number         0  __rtentry4.o ABSOLUTE
    ../clib/angel/rt.s                       0x00000000   Number         0  rt_raise.o ABSOLUTE
    ../clib/angel/rt.s                       0x00000000   Number         0  rt_div0.o ABSOLUTE
    ../clib/angel/rt.s                       0x00000000   Number         0  aeabi_idiv0_sigfpe.o ABSOLUTE
    ../clib/angel/rt.s                       0x00000000   Number         0  aeabi_idiv0.o ABSOLUTE
    ../clib/angel/rt.s                       0x00000000   Number         0  rt_locale.o ABSOLUTE
    ../clib/angel/rt.s                       0x00000000   Number         0  rt_locale_intlibspace.o ABSOLUTE
    ../clib/angel/scatter.s                  0x00000000   Number         0  __scatter.o ABSOLUTE
    ../clib/angel/startup.s                  0x00000000   Number         0  __main.o ABSOLUTE
    ../clib/angel/sys.s                      0x00000000   Number         0  libspace.o ABSOLUTE
    ../clib/angel/sys.s                      0x00000000   Number         0  indicate_semi.o ABSOLUTE
    ../clib/angel/sys.s                      0x00000000   Number         0  sys_stackheap_outer.o ABSOLUTE
    ../clib/angel/sys.s                      0x00000000   Number         0  use_no_semi.o ABSOLUTE
    ../clib/angel/sysapp.c                   0x00000000   Number         0  sys_wrch.o ABSOLUTE
    ../clib/angel/sysapp.c                   0x00000000   Number         0  sys_command.o ABSOLUTE
    ../clib/angel/sysapp.c                   0x00000000   Number         0  sys_exit.o ABSOLUTE
    ../clib/armsys.c                         0x00000000   Number         0  argv_veneer.o ABSOLUTE
    ../clib/armsys.c                         0x00000000   Number         0  argv_veneer.o ABSOLUTE
    ../clib/armsys.c                         0x00000000   Number         0  _get_argv_nomalloc.o ABSOLUTE
    ../clib/armsys.c                         0x00000000   Number         0  no_argv.o ABSOLUTE
    ../clib/bigflt.c                         0x00000000   Number         0  bigflt0.o ABSOLUTE
    ../clib/btod.s                           0x00000000   Number         0  btod.o ABSOLUTE
    ../clib/division.s                       0x00000000   Number         0  aeabi_sdiv.o ABSOLUTE
    ../clib/division.s                       0x00000000   Number         0  rtudiv10.o ABSOLUTE
    ../clib/division.s                       0x00000000   Number         0  aeabi_sdiv_div0.o ABSOLUTE
    ../clib/divrt.s                          0x00000000   Number         0  divrt_7tdmi_div0.o ABSOLUTE
    ../clib/divrt.s                          0x00000000   Number         0  divrt_7tdmi.o ABSOLUTE
    ../clib/heapalloc.c                      0x00000000   Number         0  hrguard.o ABSOLUTE
    ../clib/heapaux.c                        0x00000000   Number         0  heapauxi.o ABSOLUTE
    ../clib/libinit.s                        0x00000000   Number         0  libshutdown2.o ABSOLUTE
    ../clib/libinit.s                        0x00000000   Number         0  libinit.o ABSOLUTE
    ../clib/libinit.s                        0x00000000   Number         0  libshutdown.o ABSOLUTE
    ../clib/libinit.s                        0x00000000   Number         0  libinit2.o ABSOLUTE
    ../clib/locale.s                         0x00000000   Number         0  lc_numeric_c.o ABSOLUTE
    ../clib/longlong.s                       0x00000000   Number         0  lludiv10.o ABSOLUTE
    ../clib/memcpset.s                       0x00000000   Number         0  aeabi_memset.o ABSOLUTE
    ../clib/memcpset.s                       0x00000000   Number         0  rt_memclr_w.o ABSOLUTE
    ../clib/memcpset.s                       0x00000000   Number         0  strcmp.o ABSOLUTE
    ../clib/memcpset.s                       0x00000000   Number         0  rt_memcpy.o ABSOLUTE
    ../clib/memcpset.s                       0x00000000   Number         0  rt_memcpy_w.o ABSOLUTE
    ../clib/memcpset.s                       0x00000000   Number         0  rt_memclr.o ABSOLUTE
    ../clib/misc.s                           0x00000000   Number         0  printf_stubs.o ABSOLUTE
    ../clib/printf.c                         0x00000000   Number         0  __printf_ss_wp.o ABSOLUTE
    ../clib/printf.c                         0x00000000   Number         0  noretval__2sprintf.o ABSOLUTE
    ../clib/printf.c                         0x00000000   Number         0  __printf_flags_wp.o ABSOLUTE
    ../clib/printf.c                         0x00000000   Number         0  __printf_wp.o ABSOLUTE
    ../clib/printf.c                         0x00000000   Number         0  __printf_flags.o ABSOLUTE
    ../clib/printf.c                         0x00000000   Number         0  _printf_char_common.o ABSOLUTE
    ../clib/printf.c                         0x00000000   Number         0  __printf.o ABSOLUTE
    ../clib/printf.c                         0x00000000   Number         0  _printf_intcommon.o ABSOLUTE
    ../clib/printf.c                         0x00000000   Number         0  __printf_flags_ss_wp.o ABSOLUTE
    ../clib/printf.c                         0x00000000   Number         0  _printf_fp_dec.o ABSOLUTE
    ../clib/printf.c                         0x00000000   Number         0  _sputc.o ABSOLUTE
    ../clib/printf.c                         0x00000000   Number         0  __2sprintf.o ABSOLUTE
    ../clib/printf.c                         0x00000000   Number         0  __printf_flags_ss.o ABSOLUTE
    ../clib/printf.c                         0x00000000   Number         0  __printf_ss.o ABSOLUTE
    ../clib/printf.c                         0x00000000   Number         0  _printf_dec.o ABSOLUTE
    ../clib/printf.c                         0x00000000   Number         0  _printf_fp_infnan.o ABSOLUTE
    ../clib/printf.c                         0x00000000   Number         0  __printf_nopercent.o ABSOLUTE
    ../clib/printf_percent.s                 0x00000000   Number         0  _printf_percent_end.o ABSOLUTE
    ../clib/printf_percent.s                 0x00000000   Number         0  _printf_d.o ABSOLUTE
    ../clib/printf_percent.s                 0x00000000   Number         0  _printf_percent.o ABSOLUTE
    ../clib/printf_percent.s                 0x00000000   Number         0  _printf_f.o ABSOLUTE
    ../clib/signal.c                         0x00000000   Number         0  defsig_segv_inner.o ABSOLUTE
    ../clib/signal.c                         0x00000000   Number         0  defsig_cppl_inner.o ABSOLUTE
    ../clib/signal.c                         0x00000000   Number         0  defsig_pvfn_inner.o ABSOLUTE
    ../clib/signal.c                         0x00000000   Number         0  defsig_stak_inner.o ABSOLUTE
    ../clib/signal.c                         0x00000000   Number         0  defsig_rtmem_inner.o ABSOLUTE
    ../clib/signal.c                         0x00000000   Number         0  defsig_general.o ABSOLUTE
    ../clib/signal.c                         0x00000000   Number         0  defsig_fpe_inner.o ABSOLUTE
    ../clib/signal.c                         0x00000000   Number         0  defsig_fpe_outer.o ABSOLUTE
    ../clib/signal.c                         0x00000000   Number         0  defsig_fpe_formal.o ABSOLUTE
    ../clib/signal.c                         0x00000000   Number         0  __raise.o ABSOLUTE
    ../clib/signal.c                         0x00000000   Number         0  defsig_rtmem_formal.o ABSOLUTE
    ../clib/signal.c                         0x00000000   Number         0  defsig_abrt_inner.o ABSOLUTE
    ../clib/signal.c                         0x00000000   Number         0  defsig_exit.o ABSOLUTE
    ../clib/signal.c                         0x00000000   Number         0  defsig_rtred_inner.o ABSOLUTE
    ../clib/signal.c                         0x00000000   Number         0  defsig_other.o ABSOLUTE
    ../clib/signal.c                         0x00000000   Number         0  defsig_rtmem_outer.o ABSOLUTE
    ../clib/signal.s                         0x00000000   Number         0  defsig.o ABSOLUTE
    ../clib/stdlib.c                         0x00000000   Number         0  exit.o ABSOLUTE
    ../fplib/d2f.s                           0x00000000   Number         0  d2f.o ABSOLUTE
    ../fplib/ddiv.s                          0x00000000   Number         0  ddiv.o ABSOLUTE
    ../fplib/dflt.s                          0x00000000   Number         0  dflt_noclz.o ABSOLUTE
    ../fplib/dmul.s                          0x00000000   Number         0  dmul.o ABSOLUTE
    ../fplib/dnaninf.s                       0x00000000   Number         0  dnaninf.o ABSOLUTE
    ../fplib/dretinf.s                       0x00000000   Number         0  dretinf.o ABSOLUTE
    ../fplib/f2d.s                           0x00000000   Number         0  f2d.o ABSOLUTE
    ../fplib/fcmpi.s                         0x00000000   Number         0  fcmpi.o ABSOLUTE
    ../fplib/fdiv.s                          0x00000000   Number         0  fdiv.o ABSOLUTE
    ../fplib/ffixu.s                         0x00000000   Number         0  ffixu.o ABSOLUTE
    ../fplib/fleqf.s                         0x00000000   Number         0  fleqf.o ABSOLUTE
    ../fplib/fmul.s                          0x00000000   Number         0  fmul.o ABSOLUTE
    ../fplib/fnaninf.s                       0x00000000   Number         0  fnaninf.o ABSOLUTE
    ../fplib/fpinit.s                        0x00000000   Number         0  fpinit.o ABSOLUTE
    ../fplib/fretinf.s                       0x00000000   Number         0  fretinf.o ABSOLUTE
    ../fplib/frleqf.s                        0x00000000   Number         0  frleqf.o ABSOLUTE
    ../fplib/istatus.s                       0x00000000   Number         0  istatus.o ABSOLUTE
    ../fplib/printf1.s                       0x00000000   Number         0  printf1.o ABSOLUTE
    ../fplib/usenofp.s                       0x00000000   Number         0  usenofp.o ABSOLUTE
    ../mathlib/fpclassify.c                  0x00000000   Number         0  fpclassify.o ABSOLUTE
    Startup.s                                0x00000000   Number         0  startup.o ABSOLUTE
    dc.s                                     0x00000000   Number         0  dc.o ABSOLUTE
    heap_2.c                                 0x00000000   Number         0  heap_2.o ABSOLUTE
    list.c                                   0x00000000   Number         0  list.o ABSOLUTE
    port.c                                   0x00000000   Number         0  port.o ABSOLUTE
    portASM.s                                0x00000000   Number         0  portasm.o ABSOLUTE
    queue.c                                  0x00000000   Number         0  queue.o ABSOLUTE
    tasks.c                                  0x00000000   Number         0  tasks.o ABSOLUTE
    test_xx.c                                0x00000000   Number         0  test_xx.o ABSOLUTE
    Undef_Handler                            0x00000040   ARM Code       4  startup.o(RESET)
    PAbt_Handler                             0x00000048   ARM Code       4  startup.o(RESET)
    DAbt_Handler                             0x0000004c   ARM Code       4  startup.o(RESET)
    IRQ_Handler                              0x00000050   ARM Code       4  startup.o(RESET)
    FIQ_Handler                              0x00000054   ARM Code       4  startup.o(RESET)
    !!!main                                  0x00000104   Section        8  __main.o(!!!main)
    !!!scatter                               0x0000010c   Section       60  __scatter.o(!!!scatter)
    !!handler_copy                           0x00000148   Section       40  __scatter_copy.o(!!handler_copy)
    !!handler_zi                             0x00000170   Section       44  __scatter_zi.o(!!handler_zi)
    .ARM.Collect$$_printf_percent$$00000000  0x000001a0   Section        0  _printf_percent.o(.ARM.Collect$$_printf_percent$$00000000)
    .ARM.Collect$$_printf_percent$$00000003  0x000001a0   Section        8  _printf_f.o(.ARM.Collect$$_printf_percent$$00000003)
    .ARM.Collect$$_printf_percent$$00000009  0x000001a8   Section        8  _printf_d.o(.ARM.Collect$$_printf_percent$$00000009)
    .ARM.Collect$$_printf_percent$$00000017  0x000001b0   Section        8  _printf_percent_end.o(.ARM.Collect$$_printf_percent$$00000017)
    .ARM.Collect$$libinit$$00000000          0x000001c0   Section        2  libinit.o(.ARM.Collect$$libinit$$00000000)
    .ARM.Collect$$libinit$$00000002          0x000001c2   Section        0  libinit2.o(.ARM.Collect$$libinit$$00000002)
    .ARM.Collect$$libinit$$00000004          0x000001c2   Section        0  libinit2.o(.ARM.Collect$$libinit$$00000004)
    .ARM.Collect$$libinit$$0000000A          0x000001c2   Section        0  libinit2.o(.ARM.Collect$$libinit$$0000000A)
    .ARM.Collect$$libinit$$0000000C          0x000001c2   Section        0  libinit2.o(.ARM.Collect$$libinit$$0000000C)
    .ARM.Collect$$libinit$$0000000E          0x000001c2   Section        0  libinit2.o(.ARM.Collect$$libinit$$0000000E)
    .ARM.Collect$$libinit$$0000000F          0x000001c2   Section        6  libinit2.o(.ARM.Collect$$libinit$$0000000F)
    .ARM.Collect$$libinit$$00000011          0x000001c8   Section        0  libinit2.o(.ARM.Collect$$libinit$$00000011)
    .ARM.Collect$$libinit$$00000013          0x000001c8   Section        0  libinit2.o(.ARM.Collect$$libinit$$00000013)
    .ARM.Collect$$libinit$$00000015          0x000001c8   Section        0  libinit2.o(.ARM.Collect$$libinit$$00000015)
    .ARM.Collect$$libinit$$00000016          0x000001c8   Section       10  libinit2.o(.ARM.Collect$$libinit$$00000016)
    .ARM.Collect$$libinit$$00000017          0x000001d2   Section        0  libinit2.o(.ARM.Collect$$libinit$$00000017)
    .ARM.Collect$$libinit$$00000019          0x000001d2   Section        0  libinit2.o(.ARM.Collect$$libinit$$00000019)
    .ARM.Collect$$libinit$$0000001B          0x000001d2   Section        0  libinit2.o(.ARM.Collect$$libinit$$0000001B)
    .ARM.Collect$$libinit$$0000001D          0x000001d2   Section        0  libinit2.o(.ARM.Collect$$libinit$$0000001D)
    .ARM.Collect$$libinit$$0000001F          0x000001d2   Section        0  libinit2.o(.ARM.Collect$$libinit$$0000001F)
    .ARM.Collect$$libinit$$00000021          0x000001d2   Section        0  libinit2.o(.ARM.Collect$$libinit$$00000021)
    .ARM.Collect$$libinit$$00000023          0x000001d2   Section        0  libinit2.o(.ARM.Collect$$libinit$$00000023)
    .ARM.Collect$$libinit$$00000025          0x000001d2   Section        0  libinit2.o(.ARM.Collect$$libinit$$00000025)
    .ARM.Collect$$libinit$$0000002C          0x000001d2   Section        0  libinit2.o(.ARM.Collect$$libinit$$0000002C)
    .ARM.Collect$$libinit$$0000002E          0x000001d2   Section        0  libinit2.o(.ARM.Collect$$libinit$$0000002E)
    .ARM.Collect$$libinit$$00000030          0x000001d2   Section        0  libinit2.o(.ARM.Collect$$libinit$$00000030)
    .ARM.Collect$$libinit$$00000032          0x000001d2   Section        0  libinit2.o(.ARM.Collect$$libinit$$00000032)
    .ARM.Collect$$libinit$$00000033          0x000001d2   Section       12  libinit2.o(.ARM.Collect$$libinit$$00000033)
    .ARM.Collect$$libshutdown$$00000000      0x000001e8   Section        4  libshutdown.o(.ARM.Collect$$libshutdown$$00000000)
    .ARM.Collect$$libshutdown$$00000002      0x000001ec   Section        0  libshutdown2.o(.ARM.Collect$$libshutdown$$00000002)
    .ARM.Collect$$libshutdown$$00000004      0x000001ec   Section        0  libshutdown2.o(.ARM.Collect$$libshutdown$$00000004)
    .ARM.Collect$$libshutdown$$00000007      0x000001ec   Section        0  libshutdown2.o(.ARM.Collect$$libshutdown$$00000007)
    .ARM.Collect$$libshutdown$$0000000A      0x000001ec   Section        0  libshutdown2.o(.ARM.Collect$$libshutdown$$0000000A)
    .ARM.Collect$$libshutdown$$0000000C      0x000001ec   Section        0  libshutdown2.o(.ARM.Collect$$libshutdown$$0000000C)
    .ARM.Collect$$libshutdown$$0000000F      0x000001ec   Section        0  libshutdown2.o(.ARM.Collect$$libshutdown$$0000000F)
    .ARM.Collect$$libshutdown$$00000010      0x000001ec   Section        6  libshutdown2.o(.ARM.Collect$$libshutdown$$00000010)
    .ARM.Collect$$rtentry$$00000000          0x000001f4   Section        0  __rtentry.o(.ARM.Collect$$rtentry$$00000000)
    .ARM.Collect$$rtentry$$00000002          0x000001f4   Section        0  __rtentry2.o(.ARM.Collect$$rtentry$$00000002)
    .ARM.Collect$$rtentry$$00000004          0x000001f4   Section        8  __rtentry4.o(.ARM.Collect$$rtentry$$00000004)
    .ARM.Collect$$rtentry$$00000009          0x000001fc   Section        0  __rtentry2.o(.ARM.Collect$$rtentry$$00000009)
    .ARM.Collect$$rtentry$$0000000A          0x000001fc   Section        4  __rtentry2.o(.ARM.Collect$$rtentry$$0000000A)
    .ARM.Collect$$rtentry$$0000000C          0x00000200   Section        0  __rtentry2.o(.ARM.Collect$$rtentry$$0000000C)
    .ARM.Collect$$rtentry$$0000000D          0x00000200   Section       40  __rtentry2.o(.ARM.Collect$$rtentry$$0000000D)
    .ARM.Collect$$rtexit$$00000000           0x0000022c   Section        4  rtexit.o(.ARM.Collect$$rtexit$$00000000)
    .ARM.Collect$$rtexit$$00000002           0x00000230   Section        0  rtexit2.o(.ARM.Collect$$rtexit$$00000002)
    .ARM.Collect$$rtexit$$00000003           0x00000230   Section        4  rtexit2.o(.ARM.Collect$$rtexit$$00000003)
    .ARM.Collect$$rtexit$$00000004           0x00000234   Section        8  rtexit2.o(.ARM.Collect$$rtexit$$00000004)
    .text                                    0x0000023c   Section       32  startup.o(.text)
    .text                                    0x00000264   Section        0  noretval__2sprintf.o(.text)
    .text                                    0x00000294   Section        0  _printf_dec.o(.text)
    .text                                    0x00000304   Section        0  __printf_wp.o(.text)
    .text                                    0x00000424   Section      100  rt_memcpy_w.o(.text)
    .text                                    0x00000488   Section       16  aeabi_memset.o(.text)
    .text                                    0x00000498   Section        0  heapauxi.o(.text)
    .text                                    0x0000049e   Section        0  _printf_intcommon.o(.text)
    .text                                    0x00000558   Section        0  _printf_fp_dec.o(.text)
    _fp_digits                               0x0000055b   Thumb Code   414  _printf_fp_dec.o(.text)
    .text                                    0x00000978   Section        0  _printf_char_common.o(.text)
    _printf_input_char                       0x00000979   Thumb Code    10  _printf_char_common.o(.text)
    .text                                    0x000009a8   Section        0  _sputc.o(.text)
    .text                                    0x000009b4   Section       64  rt_memclr.o(.text)
    .text                                    0x000009f8   Section       44  rtudiv10.o(.text)
    .text                                    0x00000a28   Section       12  rt_locale_intlibspace.o(.text)
    .text                                    0x00000a38   Section      160  lludiv10.o(.text)
    .text                                    0x00000ad8   Section        0  _printf_fp_infnan.o(.text)
    .text                                    0x00000b68   Section        0  bigflt0.o(.text)
    .text                                    0x00000c44   Section       84  rt_memclr_w.o(.text)
    .text                                    0x00000c98   Section       12  libspace.o(.text)
    .text                                    0x00000ca4   Section       96  sys_stackheap_outer.o(.text)
    .text                                    0x00000d04   Section        0  exit.o(.text)
    .text                                    0x00000d18   Section      244  strcmp.o(.text)
    .text                                    0x00000e10   Section      384  aeabi_sdiv.o(.text)
    __arm_div8                               0x00000e3c   ARM Code       0  aeabi_sdiv.o(.text)
    __arm_div5                               0x00000e60   ARM Code       0  aeabi_sdiv.o(.text)
    __arm_div2                               0x00000e84   ARM Code       0  aeabi_sdiv.o(.text)
    __arm_div_large                          0x00000ec0   ARM Code       0  aeabi_sdiv.o(.text)
    .text                                    0x00000f98   Section        0  sys_exit.o(.text)
    .text                                    0x00000fa4   Section        4  use_no_semi.o(.text)
    .text                                    0x00000fa8   Section        0  indicate_semi.o(.text)
    CL$$btod_d2e                             0x00000fac   Section       56  btod.o(CL$$btod_d2e)
    CL$$btod_d2e_denorm_low                  0x00000fe4   Section       84  btod.o(CL$$btod_d2e_denorm_low)
    CL$$btod_d2e_norm_op1                    0x00001038   Section      104  btod.o(CL$$btod_d2e_norm_op1)
    CL$$btod_div_common                      0x000010a0   Section      844  btod.o(CL$$btod_div_common)
    CL$$btod_e2e                             0x000013ec   Section      244  btod.o(CL$$btod_e2e)
    CL$$btod_ediv                            0x000014e4   Section       56  btod.o(CL$$btod_ediv)
    CL$$btod_emul                            0x00001520   Section       56  btod.o(CL$$btod_emul)
    CL$$btod_mult_common                     0x00001558   Section      616  btod.o(CL$$btod_mult_common)
    PORT_ASM                                 0x000017c0   Section      396  portasm.o(PORT_ASM)
    i.ADC                                    0x00001958   Section        0  test_xx.o(i.ADC)
    i.EEPROM_start                           0x000019fc   Section        0  test_xx.o(i.EEPROM_start)
    i.I2CInit                                0x00001a28   Section        0  test_xx.o(i.I2CInit)
    i.I2CStart                               0x00001a64   Section        0  test_xx.o(i.I2CStart)
    i.I2Csend                                0x00001aac   Section        0  test_xx.o(i.I2Csend)
    i.LCDclear                               0x00001afc   Section        0  test_xx.o(i.LCDclear)
    i.LCDcmd                                 0x00001b18   Section        0  test_xx.o(i.LCDcmd)
    i.LCDdata                                0x00001b98   Section        0  test_xx.o(i.LCDdata)
    i.LCDinit                                0x00001c18   Section        0  test_xx.o(i.LCDinit)
    i.LCDnewLine                             0x00001c78   Section        0  test_xx.o(i.LCDnewLine)
    i.LCDstart                               0x00001c8c   Section        0  test_xx.o(i.LCDstart)
    i.RR                                     0x00001d2c   Section        0  test_xx.o(i.RR)
    i.TX0                                    0x00001d60   Section        0  test_xx.o(i.TX0)
    i.TX0_NL                                 0x00001da4   Section        0  test_xx.o(i.TX0_NL)
    i.TX0_space                              0x00001de0   Section        0  test_xx.o(i.TX0_space)
    i.UART_msg                               0x00001e58   Section        0  test_xx.o(i.UART_msg)
    i.UART_start                             0x00001ec4   Section        0  test_xx.o(i.UART_start)
    i.__ARM_common_call_via_r1               0x00001f10   Section        0  __printf.o(i.__ARM_common_call_via_r1)
    i.__ARM_common_call_via_r2               0x00001f12   Section        0  __printf.o(i.__ARM_common_call_via_r2)
    i.__ARM_fpclassify                       0x00001f18   Section        0  fpclassify.o(i.__ARM_fpclassify)
    i._is_digit                              0x00001f48   Section        0  __printf_wp.o(i._is_digit)
    i.control_t2                             0x00001f58   Section        0  test_xx.o(i.control_t2)
    i.delayLCD                               0x00002168   Section        0  test_xx.o(i.delayLCD)
    i.delayLCD2                              0x00002188   Section        0  test_xx.o(i.delayLCD2)
    i.delayUART                              0x000021a8   Section        0  test_xx.o(i.delayUART)
    i.delayms                                0x000021c0   Section        0  test_xx.o(i.delayms)
    i.initTX0                                0x000021f4   Section        0  test_xx.o(i.initTX0)
    i.main                                   0x0000223c   Section        0  test_xx.o(i.main)
    i.pinWrite                               0x00002320   Section        0  test_xx.o(i.pinWrite)
    i.print_arrow                            0x000023e4   Section        0  test_xx.o(i.print_arrow)
    i.prvAddNewTaskToReadyList               0x00002428   Section        0  tasks.o(i.prvAddNewTaskToReadyList)
    prvAddNewTaskToReadyList                 0x00002428   ARM Code     272  tasks.o(i.prvAddNewTaskToReadyList)
    i.prvCheckTasksWaitingTermination        0x00002550   Section        0  tasks.o(i.prvCheckTasksWaitingTermination)
    prvCheckTasksWaitingTermination          0x00002550   ARM Code     160  tasks.o(i.prvCheckTasksWaitingTermination)
    i.prvDeleteTCB                           0x000025fc   Section        0  tasks.o(i.prvDeleteTCB)
    prvDeleteTCB                             0x000025fc   ARM Code      32  tasks.o(i.prvDeleteTCB)
    i.prvHeapInit                            0x0000261c   Section        0  heap_2.o(i.prvHeapInit)
    prvHeapInit                              0x0000261c   ARM Code      72  heap_2.o(i.prvHeapInit)
    i.prvIdleTask                            0x00002674   Section        0  tasks.o(i.prvIdleTask)
    prvIdleTask                              0x00002674   ARM Code      32  tasks.o(i.prvIdleTask)
    i.prvInitialiseNewTask                   0x00002698   Section        0  tasks.o(i.prvInitialiseNewTask)
    prvInitialiseNewTask                     0x00002698   ARM Code     236  tasks.o(i.prvInitialiseNewTask)
    i.prvInitialiseTaskLists                 0x00002784   Section        0  tasks.o(i.prvInitialiseTaskLists)
    prvInitialiseTaskLists                   0x00002784   ARM Code     112  tasks.o(i.prvInitialiseTaskLists)
    i.prvResetNextTaskUnblockTime            0x00002814   Section        0  tasks.o(i.prvResetNextTaskUnblockTime)
    prvResetNextTaskUnblockTime              0x00002814   ARM Code      88  tasks.o(i.prvResetNextTaskUnblockTime)
    i.prvSetupTimerInterrupt                 0x00002874   Section        0  port.o(i.prvSetupTimerInterrupt)
    prvSetupTimerInterrupt                   0x00002874   ARM Code     100  port.o(i.prvSetupTimerInterrupt)
    i.pvPortMalloc                           0x000028e4   Section        0  heap_2.o(i.pvPortMalloc)
    i.pxPortInitialiseStack                  0x00002a28   Section        0  port.o(i.pxPortInitialiseStack)
    i.readData_t1                            0x00002b2c   Section        0  test_xx.o(i.readData_t1)
    i.send_arrow                             0x00002bf0   Section        0  test_xx.o(i.send_arrow)
    i.show_t3                                0x00002c68   Section        0  test_xx.o(i.show_t3)
    i.uxListRemove                           0x00003058   Section        0  list.o(i.uxListRemove)
    i.vListInitialise                        0x000030a4   Section        0  list.o(i.vListInitialise)
    i.vListInitialiseItem                    0x000030d0   Section        0  list.o(i.vListInitialiseItem)
    i.vListInsertEnd                         0x000030dc   Section        0  list.o(i.vListInsertEnd)
    i.vPortEnterCritical                     0x0000310c   Section        0  port.o(i.vPortEnterCritical)
    i.vPortExitCritical                      0x00003134   Section        0  port.o(i.vPortExitCritical)
    i.vPortFree                              0x0000317c   Section        0  heap_2.o(i.vPortFree)
    i.vTaskStartScheduler                    0x000031f4   Section        0  tasks.o(i.vTaskStartScheduler)
    i.vTaskSuspendAll                        0x00003284   Section        0  tasks.o(i.vTaskSuspendAll)
    i.vTaskSwitchContext                     0x000032a0   Section        0  tasks.o(i.vTaskSwitchContext)
    i.wmsg                                   0x0000336c   Section        0  test_xx.o(i.wmsg)
    i.xPortStartScheduler                    0x00003438   Section        0  port.o(i.xPortStartScheduler)
    i.xTaskCreate                            0x00003450   Section        0  tasks.o(i.xTaskCreate)
    i.xTaskIncrementTick                     0x000034f4   Section        0  tasks.o(i.xTaskIncrementTick)
    i.xTaskResumeAll                         0x000036d8   Section        0  tasks.o(i.xTaskResumeAll)
    locale$$code                             0x00003858   Section       80  lc_numeric_c.o(locale$$code)
    x$fpl$d2f                                0x000038a8   Section      108  d2f.o(x$fpl$d2f)
    x$fpl$ddiv                               0x00003914   Section      736  ddiv.o(x$fpl$ddiv)
    ddiv_entry                               0x0000391c   ARM Code       0  ddiv.o(x$fpl$ddiv)
    x$fpl$dflt                               0x00003bf4   Section       88  dflt_noclz.o(x$fpl$dflt)
    x$fpl$dfltu                              0x00003c4c   Section       12  dflt_noclz.o(x$fpl$dfltu)
    x$fpl$dmul                               0x00003c58   Section      384  dmul.o(x$fpl$dmul)
    x$fpl$dnaninf                            0x00003dd8   Section      192  dnaninf.o(x$fpl$dnaninf)
    x$fpl$dretinf                            0x00003e98   Section       16  dretinf.o(x$fpl$dretinf)
    x$fpl$f2d                                0x00003ea8   Section      100  f2d.o(x$fpl$f2d)
    x$fpl$fcmpinf                            0x00003f0c   Section       28  fcmpi.o(x$fpl$fcmpinf)
    x$fpl$fdiv                               0x00003f28   Section      400  fdiv.o(x$fpl$fdiv)
    _fdiv1                                   0x00003f28   ARM Code       0  fdiv.o(x$fpl$fdiv)
    x$fpl$ffixu                              0x000040b8   Section       84  ffixu.o(x$fpl$ffixu)
    x$fpl$fleqf                              0x0000410c   Section      132  fleqf.o(x$fpl$fleqf)
    x$fpl$fmul                               0x00004190   Section      256  fmul.o(x$fpl$fmul)
    x$fpl$fnaninf                            0x00004290   Section      168  fnaninf.o(x$fpl$fnaninf)
    x$fpl$fretinf                            0x00004338   Section       16  fretinf.o(x$fpl$fretinf)
    x$fpl$frleqf                             0x00004348   Section      124  frleqf.o(x$fpl$frleqf)
    x$fpl$ieeestatus                         0x000043c8   Section        8  istatus.o(x$fpl$ieeestatus)
    x$fpl$printf1                            0x000043d0   Section        4  printf1.o(x$fpl$printf1)
    .constdata                               0x000043d4   Section      126  test_xx.o(.constdata)
    x$fpl$usenofp                            0x000043d4   Section        0  usenofp.o(x$fpl$usenofp)
    .constdata                               0x00004454   Section      148  bigflt0.o(.constdata)
    tenpwrs_x                                0x00004454   Data          60  bigflt0.o(.constdata)
    tenpwrs_i                                0x00004490   Data          64  bigflt0.o(.constdata)
    locale$$data                             0x00004508   Section       28  lc_numeric_c.o(locale$$data)
    __lcnum_c_name                           0x0000450c   Data           2  lc_numeric_c.o(locale$$data)
    __lcnum_c_start                          0x00004514   Data           0  lc_numeric_c.o(locale$$data)
    __lcnum_c_point                          0x00004520   Data           0  lc_numeric_c.o(locale$$data)
    __lcnum_c_thousands                      0x00004522   Data           0  lc_numeric_c.o(locale$$data)
    __lcnum_c_grouping                       0x00004523   Data           0  lc_numeric_c.o(locale$$data)
    __lcnum_c_end                            0x00004524   Data           0  lc_numeric_c.o(locale$$data)
    .data                                    0x40000000   Section       60  tasks.o(.data)
    pxDelayedTaskList                        0x40000004   Data           4  tasks.o(.data)
    pxOverflowDelayedTaskList                0x40000008   Data           4  tasks.o(.data)
    uxDeletedTasksWaitingCleanUp             0x4000000c   Data           4  tasks.o(.data)
    uxCurrentNumberOfTasks                   0x40000010   Data           4  tasks.o(.data)
    xTickCount                               0x40000014   Data           4  tasks.o(.data)
    uxTopReadyPriority                       0x40000018   Data           4  tasks.o(.data)
    xSchedulerRunning                        0x4000001c   Data           4  tasks.o(.data)
    uxPendedTicks                            0x40000020   Data           4  tasks.o(.data)
    xYieldPending                            0x40000024   Data           4  tasks.o(.data)
    xNumOfOverflows                          0x40000028   Data           4  tasks.o(.data)
    uxTaskNumber                             0x4000002c   Data           4  tasks.o(.data)
    xNextTaskUnblockTime                     0x40000030   Data           4  tasks.o(.data)
    xIdleTaskHandle                          0x40000034   Data           4  tasks.o(.data)
    uxSchedulerSuspended                     0x40000038   Data           4  tasks.o(.data)
    .data                                    0x4000003c   Section        4  port.o(.data)
    .data                                    0x40000040   Section       24  heap_2.o(.data)
    xStart                                   0x40000040   Data           8  heap_2.o(.data)
    xEnd                                     0x40000048   Data           8  heap_2.o(.data)
    xFreeBytesRemaining                      0x40000050   Data           4  heap_2.o(.data)
    xHeapHasBeenInitialised                  0x40000054   Data           4  heap_2.o(.data)
    .data                                    0x40000058   Section      172  test_xx.o(.data)
    .bss                                     0x40000104   Section      180  tasks.o(.bss)
    pxReadyTasksLists                        0x40000104   Data          80  tasks.o(.bss)
    xDelayedTaskList1                        0x40000154   Data          20  tasks.o(.bss)
    xDelayedTaskList2                        0x40000168   Data          20  tasks.o(.bss)
    xPendingReadyList                        0x4000017c   Data          20  tasks.o(.bss)
    xTasksWaitingTermination                 0x40000190   Data          20  tasks.o(.bss)
    xSuspendedTaskList                       0x400001a4   Data          20  tasks.o(.bss)
    .bss                                     0x400001b8   Section    16384  heap_2.o(.bss)
    ucHeap                                   0x400001b8   Data       16384  heap_2.o(.bss)
    .bss                                     0x400041b8   Section       80  test_xx.o(.bss)
    .bss                                     0x40004208   Section       96  libspace.o(.bss)
    HEAP                                     0x40004268   Section        0  startup.o(HEAP)
    STACK                                    0x40004268   Section     1568  startup.o(STACK)
    Heap_Mem                                 0x40004268   Data           0  startup.o(HEAP)
    Stack_Mem                                0x40004268   Data        1568  startup.o(STACK)
    Stack_Top                                0x40004888   Data           0  startup.o(STACK)

    Global Symbols

    Symbol Name                              Value     Ov Type        Size  Object(Section)

    BuildAttributes$$THM_ISAv1$ARM_ISAv4$S$PE$A:L22$X:L11$S22$IEEE1$IW$USESV6$~STKCKD$USESV7$~SHL$OTIME$ROPI$IEEEJ$EBA8$UX$STANDARDLIB$REQ8$PRES8$EABIv2 0x00000000   Number         0  anon$$obj.o ABSOLUTE
    __ARM_use_no_argv                        0x00000000   Number         0  test_xx.o ABSOLUTE
    _printf_flags                            0x00000000   Number         0  printf_stubs.o ABSOLUTE
    _printf_return_value                     0x00000000   Number         0  printf_stubs.o ABSOLUTE
    _printf_sizespec                         0x00000000   Number         0  printf_stubs.o ABSOLUTE
    _printf_widthprec                        0x00000000   Number         0  printf_stubs.o ABSOLUTE
    __ARM_exceptions_init                     - Undefined Weak Reference
    __alloca_initialize                       - Undefined Weak Reference
    __arm_preinit_                            - Undefined Weak Reference
    __cpp_initialize__aeabi_                  - Undefined Weak Reference
    __cxa_finalize                            - Undefined Weak Reference
    __sigvec_lookup                           - Undefined Weak Reference
    _atexit_init                              - Undefined Weak Reference
    _call_atexit_fns                          - Undefined Weak Reference
    _clock_init                               - Undefined Weak Reference
    _fp_trap_init                             - Undefined Weak Reference
    _fp_trap_shutdown                         - Undefined Weak Reference
    _get_lc_collate                           - Undefined Weak Reference
    _get_lc_ctype                             - Undefined Weak Reference
    _get_lc_monetary                          - Undefined Weak Reference
    _get_lc_time                              - Undefined Weak Reference
    _getenv_init                              - Undefined Weak Reference
    _handle_redirection                       - Undefined Weak Reference
    _init_alloc                               - Undefined Weak Reference
    _init_user_alloc                          - Undefined Weak Reference
    _initio                                   - Undefined Weak Reference
    _printf_post_padding                      - Undefined Weak Reference
    _printf_pre_padding                       - Undefined Weak Reference
    _printf_truncate_signed                   - Undefined Weak Reference
    _printf_truncate_unsigned                 - Undefined Weak Reference
    _rand_init                                - Undefined Weak Reference
    _signal_finish                            - Undefined Weak Reference
    _signal_init                              - Undefined Weak Reference
    _terminate_alloc                          - Undefined Weak Reference
    _terminate_user_alloc                     - Undefined Weak Reference
    _terminateio                              - Undefined Weak Reference
    Reset_Handler                            0x00000058   ARM Code       0  startup.o(RESET)
    __main                                   0x00000104   ARM Code       8  __main.o(!!!main)
    __scatterload                            0x0000010c   ARM Code       0  __scatter.o(!!!scatter)
    __scatterload_rt2                        0x0000010c   ARM Code      52  __scatter.o(!!!scatter)
    __scatterload_null                       0x00000120   ARM Code       0  __scatter.o(!!!scatter)
    __scatterload_copy                       0x00000148   ARM Code      40  __scatter_copy.o(!!handler_copy)
    __scatterload_zeroinit                   0x00000170   ARM Code      44  __scatter_zi.o(!!handler_zi)
    Inline Thumb to ARM Veneer to _printf_percent 0x0000019d   Thumb Code     4  _printf_percent.o(.ARM.Collect$$_printf_percent$$00000000)
    _printf_f                                0x000001a0   ARM Code       0  _printf_f.o(.ARM.Collect$$_printf_percent$$00000003)
    _printf_percent                          0x000001a0   ARM Code       0  _printf_percent.o(.ARM.Collect$$_printf_percent$$00000000)
    _printf_d                                0x000001a8   ARM Code       0  _printf_d.o(.ARM.Collect$$_printf_percent$$00000009)
    _printf_percent_end                      0x000001b0   ARM Code       0  _printf_percent_end.o(.ARM.Collect$$_printf_percent$$00000017)
    Inline ARM to Thumb Veneer to __rt_lib_init 0x000001b8   ARM Code       8  libinit.o(.ARM.Collect$$libinit$$00000000)
    __rt_lib_init                            0x000001c1   Thumb Code     0  libinit.o(.ARM.Collect$$libinit$$00000000)
    __rt_lib_init_fp_1                       0x000001c3   Thumb Code     0  libinit2.o(.ARM.Collect$$libinit$$00000002)
    __rt_lib_init_heap_1                     0x000001c3   Thumb Code     0  libinit2.o(.ARM.Collect$$libinit$$0000000A)
    __rt_lib_init_lc_common                  0x000001c3   Thumb Code     0  libinit2.o(.ARM.Collect$$libinit$$0000000F)
    __rt_lib_init_preinit_1                  0x000001c3   Thumb Code     0  libinit2.o(.ARM.Collect$$libinit$$00000004)
    __rt_lib_init_rand_1                     0x000001c3   Thumb Code     0  libinit2.o(.ARM.Collect$$libinit$$0000000E)
    __rt_lib_init_user_alloc_1               0x000001c3   Thumb Code     0  libinit2.o(.ARM.Collect$$libinit$$0000000C)
    __rt_lib_init_lc_collate_1               0x000001c9   Thumb Code     0  libinit2.o(.ARM.Collect$$libinit$$00000011)
    __rt_lib_init_lc_ctype_1                 0x000001c9   Thumb Code     0  libinit2.o(.ARM.Collect$$libinit$$00000013)
    __rt_lib_init_lc_monetary_1              0x000001c9   Thumb Code     0  libinit2.o(.ARM.Collect$$libinit$$00000015)
    __rt_lib_init_lc_numeric_2               0x000001c9   Thumb Code     0  libinit2.o(.ARM.Collect$$libinit$$00000016)
    __rt_lib_init_alloca_1                   0x000001d3   Thumb Code     0  libinit2.o(.ARM.Collect$$libinit$$0000002E)
    __rt_lib_init_argv_1                     0x000001d3   Thumb Code     0  libinit2.o(.ARM.Collect$$libinit$$0000002C)
    __rt_lib_init_atexit_1                   0x000001d3   Thumb Code     0  libinit2.o(.ARM.Collect$$libinit$$0000001B)
    __rt_lib_init_clock_1                    0x000001d3   Thumb Code     0  libinit2.o(.ARM.Collect$$libinit$$00000021)
    __rt_lib_init_cpp_1                      0x000001d3   Thumb Code     0  libinit2.o(.ARM.Collect$$libinit$$00000032)
    __rt_lib_init_exceptions_1               0x000001d3   Thumb Code     0  libinit2.o(.ARM.Collect$$libinit$$00000030)
    __rt_lib_init_fp_trap_1                  0x000001d3   Thumb Code     0  libinit2.o(.ARM.Collect$$libinit$$0000001F)
    __rt_lib_init_getenv_1                   0x000001d3   Thumb Code     0  libinit2.o(.ARM.Collect$$libinit$$00000023)
    __rt_lib_init_lc_numeric_1               0x000001d3   Thumb Code     0  libinit2.o(.ARM.Collect$$libinit$$00000017)
    __rt_lib_init_lc_time_1                  0x000001d3   Thumb Code     0  libinit2.o(.ARM.Collect$$libinit$$00000019)
    __rt_lib_init_return                     0x000001d3   Thumb Code     0  libinit2.o(.ARM.Collect$$libinit$$00000033)
    __rt_lib_init_signal_1                   0x000001d3   Thumb Code     0  libinit2.o(.ARM.Collect$$libinit$$0000001D)
    __rt_lib_init_stdio_1                    0x000001d3   Thumb Code     0  libinit2.o(.ARM.Collect$$libinit$$00000025)
    Inline ARM to Thumb Veneer to __rt_lib_shutdown 0x000001e0   ARM Code       8  libshutdown.o(.ARM.Collect$$libshutdown$$00000000)
    __rt_lib_shutdown                        0x000001e9   Thumb Code     0  libshutdown.o(.ARM.Collect$$libshutdown$$00000000)
    __rt_lib_shutdown_cpp_1                  0x000001ed   Thumb Code     0  libshutdown2.o(.ARM.Collect$$libshutdown$$00000002)
    __rt_lib_shutdown_fp_trap_1              0x000001ed   Thumb Code     0  libshutdown2.o(.ARM.Collect$$libshutdown$$00000007)
    __rt_lib_shutdown_heap_1                 0x000001ed   Thumb Code     0  libshutdown2.o(.ARM.Collect$$libshutdown$$0000000F)
    __rt_lib_shutdown_return                 0x000001ed   Thumb Code     0  libshutdown2.o(.ARM.Collect$$libshutdown$$00000010)
    __rt_lib_shutdown_signal_1               0x000001ed   Thumb Code     0  libshutdown2.o(.ARM.Collect$$libshutdown$$0000000A)
    __rt_lib_shutdown_stdio_1                0x000001ed   Thumb Code     0  libshutdown2.o(.ARM.Collect$$libshutdown$$00000004)
    __rt_lib_shutdown_user_alloc_1           0x000001ed   Thumb Code     0  libshutdown2.o(.ARM.Collect$$libshutdown$$0000000C)
    __rt_entry                               0x000001f4   ARM Code       0  __rtentry.o(.ARM.Collect$$rtentry$$00000000)
    __rt_entry_presh_1                       0x000001f4   ARM Code       0  __rtentry2.o(.ARM.Collect$$rtentry$$00000002)
    __rt_entry_sh                            0x000001f4   ARM Code       0  __rtentry4.o(.ARM.Collect$$rtentry$$00000004)
    __rt_entry_li                            0x000001fc   ARM Code       0  __rtentry2.o(.ARM.Collect$$rtentry$$0000000A)
    __rt_entry_postsh_1                      0x000001fc   ARM Code       0  __rtentry2.o(.ARM.Collect$$rtentry$$00000009)
    __rt_entry_main                          0x00000200   ARM Code       0  __rtentry2.o(.ARM.Collect$$rtentry$$0000000D)
    __rt_entry_postli_1                      0x00000200   ARM Code       0  __rtentry2.o(.ARM.Collect$$rtentry$$0000000C)
    Inline Thumb to ARM Veneer to __rt_exit  0x00000229   Thumb Code     4  rtexit.o(.ARM.Collect$$rtexit$$00000000)
    __rt_exit                                0x0000022c   ARM Code       0  rtexit.o(.ARM.Collect$$rtexit$$00000000)
    __rt_exit_ls                             0x00000230   ARM Code       0  rtexit2.o(.ARM.Collect$$rtexit$$00000003)
    __rt_exit_prels_1                        0x00000230   ARM Code       0  rtexit2.o(.ARM.Collect$$rtexit$$00000002)
    __rt_exit_exit                           0x00000234   ARM Code       0  rtexit2.o(.ARM.Collect$$rtexit$$00000004)
    __user_initial_stackheap                 0x0000023c   ARM Code       0  startup.o(.text)
    Inline ARM to Thumb Veneer to __2sprintf 0x0000025c   ARM Code       8  noretval__2sprintf.o(.text)
    __2sprintf                               0x00000265   Thumb Code    36  noretval__2sprintf.o(.text)
    Inline ARM to Thumb Veneer to _printf_int_dec 0x0000028c   ARM Code       8  _printf_dec.o(.text)
    _printf_int_dec                          0x00000295   Thumb Code    94  _printf_dec.o(.text)
    __printf                                 0x00000305   Thumb Code   286  __printf_wp.o(.text)
    __aeabi_memcpy4                          0x00000424   ARM Code       0  rt_memcpy_w.o(.text)
    __aeabi_memcpy8                          0x00000424   ARM Code       0  rt_memcpy_w.o(.text)
    __rt_memcpy_w                            0x00000424   ARM Code     100  rt_memcpy_w.o(.text)
    _memcpy_lastbytes_aligned                0x00000470   ARM Code       0  rt_memcpy_w.o(.text)
    __aeabi_memset                           0x00000488   ARM Code      16  aeabi_memset.o(.text)
    __use_two_region_memory                  0x00000499   Thumb Code     2  heapauxi.o(.text)
    __rt_heap_escrow$2region                 0x0000049b   Thumb Code     2  heapauxi.o(.text)
    __rt_heap_expand$2region                 0x0000049d   Thumb Code     2  heapauxi.o(.text)
    _printf_int_common                       0x0000049f   Thumb Code   186  _printf_intcommon.o(.text)
    __lib_sel_fp_printf                      0x00000559   Thumb Code     2  _printf_fp_dec.o(.text)
    _printf_fp_dec_real                      0x000006f9   Thumb Code   628  _printf_fp_dec.o(.text)
    _printf_char_common                      0x00000983   Thumb Code    34  _printf_char_common.o(.text)
    _sputc                                   0x000009a9   Thumb Code    10  _sputc.o(.text)
    __aeabi_memclr                           0x000009b4   ARM Code       0  rt_memclr.o(.text)
    __rt_memclr                              0x000009b4   ARM Code      64  rt_memclr.o(.text)
    _memset                                  0x000009b8   ARM Code       0  rt_memclr.o(.text)
    Inline Thumb to ARM Veneer to __rt_udiv10 0x000009f5   Thumb Code     4  rtudiv10.o(.text)
    __rt_udiv10                              0x000009f8   ARM Code      44  rtudiv10.o(.text)
    Inline Thumb to ARM Veneer to __rt_locale 0x00000a25   Thumb Code     4  rt_locale_intlibspace.o(.text)
    __rt_locale                              0x00000a28   ARM Code      12  rt_locale_intlibspace.o(.text)
    Inline Thumb to ARM Veneer to _ll_udiv10 0x00000a35   Thumb Code     4  lludiv10.o(.text)
    _ll_udiv10                               0x00000a38   ARM Code     160  lludiv10.o(.text)
    _printf_fp_infnan                        0x00000ad9   Thumb Code   128  _printf_fp_infnan.o(.text)
    _btod_etento                             0x00000b69   Thumb Code   214  bigflt0.o(.text)
    __aeabi_memclr4                          0x00000c44   ARM Code       0  rt_memclr_w.o(.text)
    __aeabi_memclr8                          0x00000c44   ARM Code       0  rt_memclr_w.o(.text)
    __rt_memclr_w                            0x00000c44   ARM Code      84  rt_memclr_w.o(.text)
    _memset_w                                0x00000c48   ARM Code       0  rt_memclr_w.o(.text)
    __user_libspace                          0x00000c98   ARM Code      12  libspace.o(.text)
    __user_perproc_libspace                  0x00000c98   ARM Code       0  libspace.o(.text)
    __user_perthread_libspace                0x00000c98   ARM Code       0  libspace.o(.text)
    __user_setup_stackheap                   0x00000ca4   ARM Code      96  sys_stackheap_outer.o(.text)
    exit                                     0x00000d05   Thumb Code    20  exit.o(.text)
    strcmp                                   0x00000d18   ARM Code     240  strcmp.o(.text)
    Inline Thumb to ARM Veneer to __aeabi_idivmod 0x00000e0d   Thumb Code     4  aeabi_sdiv.o(.text)
    __aeabi_idiv                             0x00000e10   ARM Code       0  aeabi_sdiv.o(.text)
    __aeabi_idivmod                          0x00000e10   ARM Code     384  aeabi_sdiv.o(.text)
    Inline ARM to Thumb Veneer to _sys_exit  0x00000f90   ARM Code       8  sys_exit.o(.text)
    _sys_exit                                0x00000f99   Thumb Code     8  sys_exit.o(.text)
    __I$use$semihosting                      0x00000fa4   ARM Code       0  use_no_semi.o(.text)
    __use_no_semihosting_swi                 0x00000fa4   ARM Code       4  use_no_semi.o(.text)
    Inline Thumb to ARM Veneer to _btod_d2e  0x00000fa9   Thumb Code     4  btod.o(CL$$btod_d2e)
    __semihosting_library_function           0x00000fa8   ARM Code       0  indicate_semi.o(.text)
    _btod_d2e                                0x00000fac   ARM Code      56  btod.o(CL$$btod_d2e)
    _d2e_denorm_low                          0x00000fe4   ARM Code      84  btod.o(CL$$btod_d2e_denorm_low)
    _d2e_norm_op1                            0x00001038   ARM Code     104  btod.o(CL$$btod_d2e_norm_op1)
    __btod_div_common                        0x000010a0   ARM Code     716  btod.o(CL$$btod_div_common)
    _e2e                                     0x000013ec   ARM Code     244  btod.o(CL$$btod_e2e)
    Inline Thumb to ARM Veneer to _btod_ediv 0x000014e1   Thumb Code     4  btod.o(CL$$btod_ediv)
    _btod_ediv                               0x000014e4   ARM Code      56  btod.o(CL$$btod_ediv)
    Inline Thumb to ARM Veneer to _btod_emul 0x0000151d   Thumb Code     4  btod.o(CL$$btod_emul)
    _btod_emul                               0x00001520   ARM Code      56  btod.o(CL$$btod_emul)
    __btod_mult_common                       0x00001558   ARM Code     616  btod.o(CL$$btod_mult_common)
    vPortStartFirstTask                      0x000017c0   ARM Code       0  portasm.o(PORT_ASM)
    vPortYield                               0x000017f0   ARM Code       0  portasm.o(PORT_ASM)
    vPortYieldProcessor                      0x000017f8   ARM Code       0  portasm.o(PORT_ASM)
    vPreemptiveTick                          0x00001884   ARM Code       0  portasm.o(PORT_ASM)
    Long ARM to Thumb Veneer to _printf_fp_dec_real 0x0000194c   ARM Code      12  anon$$obj.o(Veneer$$Code)
    ADC                                      0x00001958   ARM Code     156  test_xx.o(i.ADC)
    EEPROM_start                             0x000019fc   ARM Code      44  test_xx.o(i.EEPROM_start)
    I2CInit                                  0x00001a28   ARM Code      56  test_xx.o(i.I2CInit)
    I2CStart                                 0x00001a64   ARM Code      68  test_xx.o(i.I2CStart)
    I2Csend                                  0x00001aac   ARM Code      76  test_xx.o(i.I2Csend)
    LCDclear                                 0x00001afc   ARM Code      28  test_xx.o(i.LCDclear)
    LCDcmd                                   0x00001b18   ARM Code     124  test_xx.o(i.LCDcmd)
    LCDdata                                  0x00001b98   ARM Code     124  test_xx.o(i.LCDdata)
    LCDinit                                  0x00001c18   ARM Code      92  test_xx.o(i.LCDinit)
    LCDnewLine                               0x00001c78   ARM Code      20  test_xx.o(i.LCDnewLine)
    LCDstart                                 0x00001c8c   ARM Code     152  test_xx.o(i.LCDstart)
    RR                                       0x00001d2c   ARM Code      52  test_xx.o(i.RR)
    TX0                                      0x00001d60   ARM Code      64  test_xx.o(i.TX0)
    TX0_NL                                   0x00001da4   ARM Code      56  test_xx.o(i.TX0_NL)
    TX0_space                                0x00001de0   ARM Code     108  test_xx.o(i.TX0_space)
    UART_msg                                 0x00001e58   ARM Code      76  test_xx.o(i.UART_msg)
    UART_start                               0x00001ec4   ARM Code      72  test_xx.o(i.UART_start)
    __ARM_common_call_via_r1                 0x00001f11   Thumb Code     2  __printf.o(i.__ARM_common_call_via_r1)
    __ARM_common_call_via_r2                 0x00001f13   Thumb Code     2  __printf.o(i.__ARM_common_call_via_r2)
    Inline Thumb to ARM Veneer to __ARM_fpclassify 0x00001f15   Thumb Code     4  fpclassify.o(i.__ARM_fpclassify)
    __ARM_fpclassify                         0x00001f18   ARM Code      48  fpclassify.o(i.__ARM_fpclassify)
    _is_digit                                0x00001f49   Thumb Code    14  __printf_wp.o(i._is_digit)
    control_t2                               0x00001f58   ARM Code     496  test_xx.o(i.control_t2)
    delayLCD                                 0x00002168   ARM Code      28  test_xx.o(i.delayLCD)
    delayLCD2                                0x00002188   ARM Code      28  test_xx.o(i.delayLCD2)
    delayUART                                0x000021a8   ARM Code      24  test_xx.o(i.delayUART)
    delayms                                  0x000021c0   ARM Code      48  test_xx.o(i.delayms)
    initTX0                                  0x000021f4   ARM Code      68  test_xx.o(i.initTX0)
    main                                     0x0000223c   ARM Code     188  test_xx.o(i.main)
    pinWrite                                 0x00002320   ARM Code     192  test_xx.o(i.pinWrite)
    print_arrow                              0x000023e4   ARM Code      64  test_xx.o(i.print_arrow)
    pvPortMalloc                             0x000028e4   ARM Code     304  heap_2.o(i.pvPortMalloc)
    pxPortInitialiseStack                    0x00002a28   ARM Code     240  port.o(i.pxPortInitialiseStack)
    readData_t1                              0x00002b2c   ARM Code     160  test_xx.o(i.readData_t1)
    send_arrow                               0x00002bf0   ARM Code     108  test_xx.o(i.send_arrow)
    show_t3                                  0x00002c68   ARM Code    1008  test_xx.o(i.show_t3)
    uxListRemove                             0x00003058   ARM Code      76  list.o(i.uxListRemove)
    vListInitialise                          0x000030a4   ARM Code      44  list.o(i.vListInitialise)
    vListInitialiseItem                      0x000030d0   ARM Code      12  list.o(i.vListInitialiseItem)
    vListInsertEnd                           0x000030dc   ARM Code      48  list.o(i.vListInsertEnd)
    vPortEnterCritical                       0x0000310c   ARM Code      36  port.o(i.vPortEnterCritical)
    vPortExitCritical                        0x00003134   ARM Code      68  port.o(i.vPortExitCritical)
    vPortFree                                0x0000317c   ARM Code     112  heap_2.o(i.vPortFree)
    vTaskStartScheduler                      0x000031f4   ARM Code     116  tasks.o(i.vTaskStartScheduler)
    vTaskSuspendAll                          0x00003284   ARM Code      24  tasks.o(i.vTaskSuspendAll)
    vTaskSwitchContext                       0x000032a0   ARM Code     184  tasks.o(i.vTaskSwitchContext)
    wmsg                                     0x0000336c   ARM Code     188  test_xx.o(i.wmsg)
    xPortStartScheduler                      0x00003438   ARM Code      24  port.o(i.xPortStartScheduler)
    xTaskCreate                              0x00003450   ARM Code     164  tasks.o(i.xTaskCreate)
    xTaskIncrementTick                       0x000034f4   ARM Code     440  tasks.o(i.xTaskIncrementTick)
    xTaskResumeAll                           0x000036d8   ARM Code     348  tasks.o(i.xTaskResumeAll)
    Inline Thumb to ARM Veneer to _get_lc_numeric 0x00003855   Thumb Code     4  lc_numeric_c.o(locale$$code)
    _get_lc_numeric                          0x00003858   ARM Code      80  lc_numeric_c.o(locale$$code)
    __aeabi_d2f                              0x000038a8   ARM Code       0  d2f.o(x$fpl$d2f)
    _d2f                                     0x000038a8   ARM Code     108  d2f.o(x$fpl$d2f)
    __aeabi_ddiv                             0x00003914   ARM Code       0  ddiv.o(x$fpl$ddiv)
    _ddiv                                    0x00003914   ARM Code     600  ddiv.o(x$fpl$ddiv)
    __aeabi_i2d                              0x00003bf4   ARM Code       0  dflt_noclz.o(x$fpl$dflt)
    _dflt                                    0x00003bf4   ARM Code      88  dflt_noclz.o(x$fpl$dflt)
    __dflt_normalise                         0x00003c04   ARM Code       0  dflt_noclz.o(x$fpl$dflt)
    __aeabi_ui2d                             0x00003c4c   ARM Code       0  dflt_noclz.o(x$fpl$dfltu)
    _dfltu                                   0x00003c4c   ARM Code      12  dflt_noclz.o(x$fpl$dfltu)
    __aeabi_dmul                             0x00003c58   ARM Code       0  dmul.o(x$fpl$dmul)
    _dmul                                    0x00003c58   ARM Code     372  dmul.o(x$fpl$dmul)
    __fpl_dnaninf                            0x00003dd8   ARM Code     192  dnaninf.o(x$fpl$dnaninf)
    __fpl_dretinf                            0x00003e98   ARM Code      16  dretinf.o(x$fpl$dretinf)
    __aeabi_f2d                              0x00003ea8   ARM Code       0  f2d.o(x$fpl$f2d)
    _f2d                                     0x00003ea8   ARM Code     100  f2d.o(x$fpl$f2d)
    __fpl_fcmp_Inf                           0x00003f0c   ARM Code      28  fcmpi.o(x$fpl$fcmpinf)
    __aeabi_fdiv                             0x00003f28   ARM Code       0  fdiv.o(x$fpl$fdiv)
    _fdiv                                    0x00003f28   ARM Code     396  fdiv.o(x$fpl$fdiv)
    __aeabi_f2uiz                            0x000040b8   ARM Code       0  ffixu.o(x$fpl$ffixu)
    _ffixu                                   0x000040b8   ARM Code      84  ffixu.o(x$fpl$ffixu)
    __aeabi_cfcmple                          0x0000410c   ARM Code       0  fleqf.o(x$fpl$fleqf)
    _fcmple                                  0x0000410c   ARM Code     132  fleqf.o(x$fpl$fleqf)
    __fpl_fcmple_InfNaN                      0x00004178   ARM Code       0  fleqf.o(x$fpl$fleqf)
    __aeabi_fmul                             0x00004190   ARM Code       0  fmul.o(x$fpl$fmul)
    _fmul                                    0x00004190   ARM Code     256  fmul.o(x$fpl$fmul)
    __fpl_fnaninf                            0x00004290   ARM Code     168  fnaninf.o(x$fpl$fnaninf)
    __fpl_fretinf                            0x00004338   ARM Code      16  fretinf.o(x$fpl$fretinf)
    __aeabi_cfrcmple                         0x00004348   ARM Code       0  frleqf.o(x$fpl$frleqf)
    _frcmple                                 0x00004348   ARM Code     124  frleqf.o(x$fpl$frleqf)
    Inline Thumb to ARM Veneer to __ieee_status 0x000043c5   Thumb Code     4  istatus.o(x$fpl$ieeestatus)
    __ieee_status                            0x000043c8   ARM Code       8  istatus.o(x$fpl$ieeestatus)
    _printf_fp_dec                           0x000043d0   ARM Code       4  printf1.o(x$fpl$printf1)
    __I$use$fp                               0x000043d4   Number         0  usenofp.o(x$fpl$usenofp)
    Region$$Table$$Base                      0x000044e8   Number         0  anon$$obj.o(Region$$Table)
    Region$$Table$$Limit                     0x00004508   Number         0  anon$$obj.o(Region$$Table)
    pxCurrentTCB                             0x40000000   Data           4  tasks.o(.data)
    ulCriticalNesting                        0x4000003c   Data           4  port.o(.data)
    i                                        0x40000058   Data           4  test_xx.o(.data)
    in                                       0x4000005c   Data           4  test_xx.o(.data)
    out                                      0x40000060   Data           4  test_xx.o(.data)
    tp                                       0x40000064   Data           4  test_xx.o(.data)
    vtgIN                                    0x40000068   Data           4  test_xx.o(.data)
    vtgOUT                                   0x4000006c   Data           4  test_xx.o(.data)
    Temp                                     0x40000070   Data           4  test_xx.o(.data)
    SOC                                      0x40000074   Data           4  test_xx.o(.data)
    str1                                     0x40000078   Data          20  test_xx.o(.data)
    str3                                     0x4000008c   Data          20  test_xx.o(.data)
    str4                                     0x400000a0   Data          20  test_xx.o(.data)
    msg2                                     0x400000b4   Data          20  test_xx.o(.data)
    msg3                                     0x400000c8   Data          30  test_xx.o(.data)
    msg4                                     0x400000e6   Data          20  test_xx.o(.data)
    x                                        0x400000fc   Data           4  test_xx.o(.data)
    n                                        0x40000100   Data           4  test_xx.o(.data)
    vtgIN_str                                0x400041b8   Data          20  test_xx.o(.bss)
    vtgOUT_str                               0x400041cc   Data          20  test_xx.o(.bss)
    Temp_str                                 0x400041e0   Data          20  test_xx.o(.bss)
    SOC_str                                  0x400041f4   Data          20  test_xx.o(.bss)
    __libspace_start                         0x40004208   Data          96  libspace.o(.bss)
    __temporary_stack_top$libspace           0x40004268   Data           0  libspace.o(.bss)



==============================================================================

Memory Map of the image

  Image Entry point : 0x00000104

  Load Region LR_IROM1 (Base: 0x00000000, Size: 0x00004628, Max: 0x00080000, ABSOLUTE)

    Execution Region ER_IROM1 (Exec base: 0x00000000, Load base: 0x00000000, Size: 0x00004524, Max: 0x00080000, ABSOLUTE)

    Exec Addr    Load Addr    Size         Type   Attr      Idx    E Section Name        Object

    0x00000000   0x00000000   0x00000104   Code   RO            3    RESET               startup.o
    0x00000104   0x00000104   0x00000008   Code   RO          965  * !!!main             c_t.l(__main.o)
    0x0000010c   0x0000010c   0x0000003c   Code   RO         1253    !!!scatter          c_t.l(__scatter.o)
    0x00000148   0x00000148   0x00000028   Code   RO         1255    !!handler_copy      c_t.l(__scatter_copy.o)
    0x00000170   0x00000170   0x0000002c   Code   RO         1257    !!handler_zi        c_t.l(__scatter_zi.o)
    0x0000019c   0x0000019c   0x00000004   Ven    RO          956    .ARM.Collect$$_printf_percent$$00000000  c_t.l(_printf_percent.o)
    0x000001a0   0x000001a0   0x00000000   Code   RO          956    .ARM.Collect$$_printf_percent$$00000000  c_t.l(_printf_percent.o)
    0x000001a0   0x000001a0   0x00000008   Code   RO          955    .ARM.Collect$$_printf_percent$$00000003  c_t.l(_printf_f.o)
    0x000001a8   0x000001a8   0x00000008   Code   RO          954    .ARM.Collect$$_printf_percent$$00000009  c_t.l(_printf_d.o)
    0x000001b0   0x000001b0   0x00000008   Code   RO         1004    .ARM.Collect$$_printf_percent$$00000017  c_t.l(_printf_percent_end.o)
    0x000001b8   0x000001b8   0x00000008   Ven    RO         1116    .ARM.Collect$$libinit$$00000000  c_t.l(libinit.o)
    0x000001c0   0x000001c0   0x00000002   Code   RO         1116    .ARM.Collect$$libinit$$00000000  c_t.l(libinit.o)
    0x000001c2   0x000001c2   0x00000000   Code   RO         1118    .ARM.Collect$$libinit$$00000002  c_t.l(libinit2.o)
    0x000001c2   0x000001c2   0x00000000   Code   RO         1120    .ARM.Collect$$libinit$$00000004  c_t.l(libinit2.o)
    0x000001c2   0x000001c2   0x00000000   Code   RO         1123    .ARM.Collect$$libinit$$0000000A  c_t.l(libinit2.o)
    0x000001c2   0x000001c2   0x00000000   Code   RO         1125    .ARM.Collect$$libinit$$0000000C  c_t.l(libinit2.o)
    0x000001c2   0x000001c2   0x00000000   Code   RO         1127    .ARM.Collect$$libinit$$0000000E  c_t.l(libinit2.o)
    0x000001c2   0x000001c2   0x00000006   Code   RO         1128    .ARM.Collect$$libinit$$0000000F  c_t.l(libinit2.o)
    0x000001c8   0x000001c8   0x00000000   Code   RO         1130    .ARM.Collect$$libinit$$00000011  c_t.l(libinit2.o)
    0x000001c8   0x000001c8   0x00000000   Code   RO         1132    .ARM.Collect$$libinit$$00000013  c_t.l(libinit2.o)
    0x000001c8   0x000001c8   0x00000000   Code   RO         1134    .ARM.Collect$$libinit$$00000015  c_t.l(libinit2.o)
    0x000001c8   0x000001c8   0x0000000a   Code   RO         1135    .ARM.Collect$$libinit$$00000016  c_t.l(libinit2.o)
    0x000001d2   0x000001d2   0x00000000   Code   RO         1136    .ARM.Collect$$libinit$$00000017  c_t.l(libinit2.o)
    0x000001d2   0x000001d2   0x00000000   Code   RO         1138    .ARM.Collect$$libinit$$00000019  c_t.l(libinit2.o)
    0x000001d2   0x000001d2   0x00000000   Code   RO         1140    .ARM.Collect$$libinit$$0000001B  c_t.l(libinit2.o)
    0x000001d2   0x000001d2   0x00000000   Code   RO         1142    .ARM.Collect$$libinit$$0000001D  c_t.l(libinit2.o)
    0x000001d2   0x000001d2   0x00000000   Code   RO         1144    .ARM.Collect$$libinit$$0000001F  c_t.l(libinit2.o)
    0x000001d2   0x000001d2   0x00000000   Code   RO         1146    .ARM.Collect$$libinit$$00000021  c_t.l(libinit2.o)
    0x000001d2   0x000001d2   0x00000000   Code   RO         1148    .ARM.Collect$$libinit$$00000023  c_t.l(libinit2.o)
    0x000001d2   0x000001d2   0x00000000   Code   RO         1150    .ARM.Collect$$libinit$$00000025  c_t.l(libinit2.o)
    0x000001d2   0x000001d2   0x00000000   Code   RO         1154    .ARM.Collect$$libinit$$0000002C  c_t.l(libinit2.o)
    0x000001d2   0x000001d2   0x00000000   Code   RO         1156    .ARM.Collect$$libinit$$0000002E  c_t.l(libinit2.o)
    0x000001d2   0x000001d2   0x00000000   Code   RO         1158    .ARM.Collect$$libinit$$00000030  c_t.l(libinit2.o)
    0x000001d2   0x000001d2   0x00000000   Code   RO         1160    .ARM.Collect$$libinit$$00000032  c_t.l(libinit2.o)
    0x000001d2   0x000001d2   0x0000000c   Code   RO         1161    .ARM.Collect$$libinit$$00000033  c_t.l(libinit2.o)
    0x000001de   0x000001de   0x00000002   PAD
    0x000001e0   0x000001e0   0x00000008   Ven    RO         1201    .ARM.Collect$$libshutdown$$00000000  c_t.l(libshutdown.o)
    0x000001e8   0x000001e8   0x00000004   Code   RO         1201    .ARM.Collect$$libshutdown$$00000000  c_t.l(libshutdown.o)
    0x000001ec   0x000001ec   0x00000000   Code   RO         1214    .ARM.Collect$$libshutdown$$00000002  c_t.l(libshutdown2.o)
    0x000001ec   0x000001ec   0x00000000   Code   RO         1216    .ARM.Collect$$libshutdown$$00000004  c_t.l(libshutdown2.o)
    0x000001ec   0x000001ec   0x00000000   Code   RO         1219    .ARM.Collect$$libshutdown$$00000007  c_t.l(libshutdown2.o)
    0x000001ec   0x000001ec   0x00000000   Code   RO         1222    .ARM.Collect$$libshutdown$$0000000A  c_t.l(libshutdown2.o)
    0x000001ec   0x000001ec   0x00000000   Code   RO         1224    .ARM.Collect$$libshutdown$$0000000C  c_t.l(libshutdown2.o)
    0x000001ec   0x000001ec   0x00000000   Code   RO         1227    .ARM.Collect$$libshutdown$$0000000F  c_t.l(libshutdown2.o)
    0x000001ec   0x000001ec   0x00000006   Code   RO         1228    .ARM.Collect$$libshutdown$$00000010  c_t.l(libshutdown2.o)
    0x000001f2   0x000001f2   0x00000002   PAD
    0x000001f4   0x000001f4   0x00000000   Code   RO          995    .ARM.Collect$$rtentry$$00000000  c_t.l(__rtentry.o)
    0x000001f4   0x000001f4   0x00000000   Code   RO         1021    .ARM.Collect$$rtentry$$00000002  c_t.l(__rtentry2.o)
    0x000001f4   0x000001f4   0x00000008   Code   RO         1033    .ARM.Collect$$rtentry$$00000004  c_t.l(__rtentry4.o)
    0x000001fc   0x000001fc   0x00000000   Code   RO         1023    .ARM.Collect$$rtentry$$00000009  c_t.l(__rtentry2.o)
    0x000001fc   0x000001fc   0x00000004   Code   RO         1024    .ARM.Collect$$rtentry$$0000000A  c_t.l(__rtentry2.o)
    0x00000200   0x00000200   0x00000000   Code   RO         1026    .ARM.Collect$$rtentry$$0000000C  c_t.l(__rtentry2.o)
    0x00000200   0x00000200   0x00000028   Code   RO         1027    .ARM.Collect$$rtentry$$0000000D  c_t.l(__rtentry2.o)
    0x00000228   0x00000228   0x00000004   Ven    RO         1162    .ARM.Collect$$rtexit$$00000000  c_t.l(rtexit.o)
    0x0000022c   0x0000022c   0x00000004   Code   RO         1162    .ARM.Collect$$rtexit$$00000000  c_t.l(rtexit.o)
    0x00000230   0x00000230   0x00000000   Code   RO         1173    .ARM.Collect$$rtexit$$00000002  c_t.l(rtexit2.o)
    0x00000230   0x00000230   0x00000004   Code   RO         1174    .ARM.Collect$$rtexit$$00000003  c_t.l(rtexit2.o)
    0x00000234   0x00000234   0x00000008   Code   RO         1175    .ARM.Collect$$rtexit$$00000004  c_t.l(rtexit2.o)
    0x0000023c   0x0000023c   0x00000020   Code   RO            4    .text               startup.o
    0x0000025c   0x0000025c   0x00000008   Ven    RO          924    .text               c_t.l(noretval__2sprintf.o)
    0x00000264   0x00000264   0x00000028   Code   RO          924    .text               c_t.l(noretval__2sprintf.o)
    0x0000028c   0x0000028c   0x00000008   Ven    RO          932    .text               c_t.l(_printf_dec.o)
    0x00000294   0x00000294   0x00000070   Code   RO          932    .text               c_t.l(_printf_dec.o)
    0x00000304   0x00000304   0x0000011e   Code   RO          942    .text               c_t.l(__printf_wp.o)
    0x00000422   0x00000422   0x00000002   PAD
    0x00000424   0x00000424   0x00000064   Code   RO          959    .text               c_t.l(rt_memcpy_w.o)
    0x00000488   0x00000488   0x00000010   Code   RO          961    .text               c_t.l(aeabi_memset.o)
    0x00000498   0x00000498   0x00000006   Code   RO          963    .text               c_t.l(heapauxi.o)
    0x0000049e   0x0000049e   0x000000ba   Code   RO          996    .text               c_t.l(_printf_intcommon.o)
    0x00000558   0x00000558   0x00000420   Code   RO          998    .text               c_t.l(_printf_fp_dec.o)
    0x00000978   0x00000978   0x00000030   Code   RO         1000    .text               c_t.l(_printf_char_common.o)
    0x000009a8   0x000009a8   0x0000000a   Code   RO         1002    .text               c_t.l(_sputc.o)
    0x000009b2   0x000009b2   0x00000002   PAD
    0x000009b4   0x000009b4   0x00000040   Code   RO         1005    .text               c_t.l(rt_memclr.o)
    0x000009f4   0x000009f4   0x00000004   Ven    RO         1007    .text               c_t.l(rtudiv10.o)
    0x000009f8   0x000009f8   0x0000002c   Code   RO         1007    .text               c_t.l(rtudiv10.o)
    0x00000a24   0x00000a24   0x00000004   Ven    RO         1038    .text               c_t.l(rt_locale_intlibspace.o)
    0x00000a28   0x00000a28   0x0000000c   Code   RO         1038    .text               c_t.l(rt_locale_intlibspace.o)
    0x00000a34   0x00000a34   0x00000004   Ven    RO         1040    .text               c_t.l(lludiv10.o)
    0x00000a38   0x00000a38   0x000000a0   Code   RO         1040    .text               c_t.l(lludiv10.o)
    0x00000ad8   0x00000ad8   0x00000090   Code   RO         1042    .text               c_t.l(_printf_fp_infnan.o)
    0x00000b68   0x00000b68   0x000000dc   Code   RO         1050    .text               c_t.l(bigflt0.o)
    0x00000c44   0x00000c44   0x00000054   Code   RO         1078    .text               c_t.l(rt_memclr_w.o)
    0x00000c98   0x00000c98   0x0000000c   Code   RO         1086    .text               c_t.l(libspace.o)
    0x00000ca4   0x00000ca4   0x00000060   Code   RO         1089    .text               c_t.l(sys_stackheap_outer.o)
    0x00000d04   0x00000d04   0x00000014   Code   RO         1091    .text               c_t.l(exit.o)
    0x00000d18   0x00000d18   0x000000f4   Code   RO         1093    .text               c_t.l(strcmp.o)
    0x00000e0c   0x00000e0c   0x00000004   Ven    RO         1095    .text               c_t.l(aeabi_sdiv.o)
    0x00000e10   0x00000e10   0x00000180   Code   RO         1095    .text               c_t.l(aeabi_sdiv.o)
    0x00000f90   0x00000f90   0x00000008   Ven    RO         1187    .text               c_t.l(sys_exit.o)
    0x00000f98   0x00000f98   0x0000000c   Code   RO         1187    .text               c_t.l(sys_exit.o)
    0x00000fa4   0x00000fa4   0x00000004   Code   RO         1202    .text               c_t.l(use_no_semi.o)
    0x00000fa8   0x00000fa8   0x00000000   Code   RO         1204    .text               c_t.l(indicate_semi.o)
    0x00000fa8   0x00000fa8   0x00000004   Ven    RO         1053    CL$$btod_d2e        c_t.l(btod.o)
    0x00000fac   0x00000fac   0x00000038   Code   RO         1053    CL$$btod_d2e        c_t.l(btod.o)
    0x00000fe4   0x00000fe4   0x00000054   Code   RO         1055    CL$$btod_d2e_denorm_low  c_t.l(btod.o)
    0x00001038   0x00001038   0x00000068   Code   RO         1054    CL$$btod_d2e_norm_op1  c_t.l(btod.o)
    0x000010a0   0x000010a0   0x0000034c   Code   RO         1063    CL$$btod_div_common  c_t.l(btod.o)
    0x000013ec   0x000013ec   0x000000f4   Code   RO         1060    CL$$btod_e2e        c_t.l(btod.o)
    0x000014e0   0x000014e0   0x00000004   Ven    RO         1057    CL$$btod_ediv       c_t.l(btod.o)
    0x000014e4   0x000014e4   0x00000038   Code   RO         1057    CL$$btod_ediv       c_t.l(btod.o)
    0x0000151c   0x0000151c   0x00000004   Ven    RO         1056    CL$$btod_emul       c_t.l(btod.o)
    0x00001520   0x00001520   0x00000038   Code   RO         1056    CL$$btod_emul       c_t.l(btod.o)
    0x00001558   0x00001558   0x00000268   Code   RO         1062    CL$$btod_mult_common  c_t.l(btod.o)
    0x000017c0   0x000017c0   0x0000018c   Code   RO          591    PORT_ASM            portasm.o
    0x0000194c   0x0000194c   0x0000000c   Ven    RO         1276    Veneer$$Code        anon$$obj.o
    0x00001958   0x00001958   0x000000a4   Code   RO          632    i.ADC               test_xx.o
    0x000019fc   0x000019fc   0x0000002c   Code   RO          633    i.EEPROM_start      test_xx.o
    0x00001a28   0x00001a28   0x0000003c   Code   RO          634    i.I2CInit           test_xx.o
    0x00001a64   0x00001a64   0x00000048   Code   RO          635    i.I2CStart          test_xx.o
    0x00001aac   0x00001aac   0x00000050   Code   RO          638    i.I2Csend           test_xx.o
    0x00001afc   0x00001afc   0x0000001c   Code   RO          639    i.LCDclear          test_xx.o
    0x00001b18   0x00001b18   0x00000080   Code   RO          640    i.LCDcmd            test_xx.o
    0x00001b98   0x00001b98   0x00000080   Code   RO          641    i.LCDdata           test_xx.o
    0x00001c18   0x00001c18   0x00000060   Code   RO          642    i.LCDinit           test_xx.o
    0x00001c78   0x00001c78   0x00000014   Code   RO          643    i.LCDnewLine        test_xx.o
    0x00001c8c   0x00001c8c   0x000000a0   Code   RO          646    i.LCDstart          test_xx.o
    0x00001d2c   0x00001d2c   0x00000034   Code   RO          648    i.RR                test_xx.o
    0x00001d60   0x00001d60   0x00000044   Code   RO          650    i.TX0               test_xx.o
    0x00001da4   0x00001da4   0x0000003c   Code   RO          651    i.TX0_NL            test_xx.o
    0x00001de0   0x00001de0   0x00000078   Code   RO          652    i.TX0_space         test_xx.o
    0x00001e58   0x00001e58   0x0000006c   Code   RO          653    i.UART_msg          test_xx.o
    0x00001ec4   0x00001ec4   0x0000004c   Code   RO          654    i.UART_start        test_xx.o
    0x00001f10   0x00001f10   0x00000002   Code   RO          930    i.__ARM_common_call_via_r1  c_t.l(__printf.o)
    0x00001f12   0x00001f12   0x00000002   Code   RO          928    i.__ARM_common_call_via_r2  c_t.l(__printf.o)
    0x00001f14   0x00001f14   0x00000004   Ven    RO         1084    i.__ARM_fpclassify  m_ts.l(fpclassify.o)
    0x00001f18   0x00001f18   0x00000030   Code   RO         1084    i.__ARM_fpclassify  m_ts.l(fpclassify.o)
    0x00001f48   0x00001f48   0x0000000e   Code   RO          944    i._is_digit         c_t.l(__printf_wp.o)
    0x00001f56   0x00001f56   0x00000002   PAD
    0x00001f58   0x00001f58   0x00000210   Code   RO          655    i.control_t2        test_xx.o
    0x00002168   0x00002168   0x00000020   Code   RO          656    i.delayLCD          test_xx.o
    0x00002188   0x00002188   0x00000020   Code   RO          657    i.delayLCD2         test_xx.o
    0x000021a8   0x000021a8   0x00000018   Code   RO          658    i.delayUART         test_xx.o
    0x000021c0   0x000021c0   0x00000034   Code   RO          659    i.delayms           test_xx.o
    0x000021f4   0x000021f4   0x00000048   Code   RO          660    i.initTX0           test_xx.o
    0x0000223c   0x0000223c   0x000000e4   Code   RO          661    i.main              test_xx.o
    0x00002320   0x00002320   0x000000c4   Code   RO          665    i.pinWrite          test_xx.o
    0x000023e4   0x000023e4   0x00000044   Code   RO          668    i.print_arrow       test_xx.o
    0x00002428   0x00002428   0x00000128   Code   RO          239    i.prvAddNewTaskToReadyList  tasks.o
    0x00002550   0x00002550   0x000000ac   Code   RO          240    i.prvCheckTasksWaitingTermination  tasks.o
    0x000025fc   0x000025fc   0x00000020   Code   RO          241    i.prvDeleteTCB      tasks.o
    0x0000261c   0x0000261c   0x00000058   Code   RO          594    i.prvHeapInit       heap_2.o
    0x00002674   0x00002674   0x00000024   Code   RO          242    i.prvIdleTask       tasks.o
    0x00002698   0x00002698   0x000000ec   Code   RO          243    i.prvInitialiseNewTask  tasks.o
    0x00002784   0x00002784   0x00000090   Code   RO          244    i.prvInitialiseTaskLists  tasks.o
    0x00002814   0x00002814   0x00000060   Code   RO          246    i.prvResetNextTaskUnblockTime  tasks.o
    0x00002874   0x00002874   0x00000070   Code   RO          547    i.prvSetupTimerInterrupt  port.o
    0x000028e4   0x000028e4   0x00000144   Code   RO          595    i.pvPortMalloc      heap_2.o
    0x00002a28   0x00002a28   0x00000104   Code   RO          548    i.pxPortInitialiseStack  port.o
    0x00002b2c   0x00002b2c   0x000000c4   Code   RO          669    i.readData_t1       test_xx.o
    0x00002bf0   0x00002bf0   0x00000078   Code   RO          670    i.send_arrow        test_xx.o
    0x00002c68   0x00002c68   0x000003f0   Code   RO          671    i.show_t3           test_xx.o
    0x00003058   0x00003058   0x0000004c   Code   RO           11    i.uxListRemove      list.o
    0x000030a4   0x000030a4   0x0000002c   Code   RO           12    i.vListInitialise   list.o
    0x000030d0   0x000030d0   0x0000000c   Code   RO           13    i.vListInitialiseItem  list.o
    0x000030dc   0x000030dc   0x00000030   Code   RO           15    i.vListInsertEnd    list.o
    0x0000310c   0x0000310c   0x00000028   Code   RO          550    i.vPortEnterCritical  port.o
    0x00003134   0x00003134   0x00000048   Code   RO          551    i.vPortExitCritical  port.o
    0x0000317c   0x0000317c   0x00000078   Code   RO          596    i.vPortFree         heap_2.o
    0x000031f4   0x000031f4   0x00000090   Code   RO          270    i.vTaskStartScheduler  tasks.o
    0x00003284   0x00003284   0x0000001c   Code   RO          272    i.vTaskSuspendAll   tasks.o
    0x000032a0   0x000032a0   0x000000cc   Code   RO          273    i.vTaskSwitchContext  tasks.o
    0x0000336c   0x0000336c   0x000000cc   Code   RO          672    i.wmsg              test_xx.o
    0x00003438   0x00003438   0x00000018   Code   RO          552    i.xPortStartScheduler  port.o
    0x00003450   0x00003450   0x000000a4   Code   RO          275    i.xTaskCreate       tasks.o
    0x000034f4   0x000034f4   0x000001e4   Code   RO          280    i.xTaskIncrementTick  tasks.o
    0x000036d8   0x000036d8   0x0000017c   Code   RO          285    i.xTaskResumeAll    tasks.o
    0x00003854   0x00003854   0x00000004   Ven    RO         1076    locale$$code        c_t.l(lc_numeric_c.o)
    0x00003858   0x00003858   0x00000050   Code   RO         1076    locale$$code        c_t.l(lc_numeric_c.o)
    0x000038a8   0x000038a8   0x0000006c   Code   RO          967    x$fpl$d2f           fz_ts.l(d2f.o)
    0x00003914   0x00003914   0x000002e0   Code   RO          970    x$fpl$ddiv          fz_ts.l(ddiv.o)
    0x00003bf4   0x00003bf4   0x00000058   Code   RO          974    x$fpl$dflt          fz_ts.l(dflt_noclz.o)
    0x00003c4c   0x00003c4c   0x0000000c   Code   RO          973    x$fpl$dfltu         fz_ts.l(dflt_noclz.o)
    0x00003c58   0x00003c58   0x00000180   Code   RO          977    x$fpl$dmul          fz_ts.l(dmul.o)
    0x00003dd8   0x00003dd8   0x000000c0   Code   RO         1009    x$fpl$dnaninf       fz_ts.l(dnaninf.o)
    0x00003e98   0x00003e98   0x00000010   Code   RO         1011    x$fpl$dretinf       fz_ts.l(dretinf.o)
    0x00003ea8   0x00003ea8   0x00000064   Code   RO          979    x$fpl$f2d           fz_ts.l(f2d.o)
    0x00003f0c   0x00003f0c   0x0000001c   Code   RO         1080    x$fpl$fcmpinf       fz_ts.l(fcmpi.o)
    0x00003f28   0x00003f28   0x00000190   Code   RO          982    x$fpl$fdiv          fz_ts.l(fdiv.o)
    0x000040b8   0x000040b8   0x00000054   Code   RO          985    x$fpl$ffixu         fz_ts.l(ffixu.o)
    0x0000410c   0x0000410c   0x00000084   Code   RO         1013    x$fpl$fleqf         fz_ts.l(fleqf.o)
    0x00004190   0x00004190   0x00000100   Code   RO          989    x$fpl$fmul          fz_ts.l(fmul.o)
    0x00004290   0x00004290   0x000000a8   Code   RO         1015    x$fpl$fnaninf       fz_ts.l(fnaninf.o)
    0x00004338   0x00004338   0x00000010   Code   RO         1017    x$fpl$fretinf       fz_ts.l(fretinf.o)
    0x00004348   0x00004348   0x0000007c   Code   RO          991    x$fpl$frleqf        fz_ts.l(frleqf.o)
    0x000043c4   0x000043c4   0x00000004   Ven    RO         1082    x$fpl$ieeestatus    fz_ts.l(istatus.o)
    0x000043c8   0x000043c8   0x00000008   Code   RO         1082    x$fpl$ieeestatus    fz_ts.l(istatus.o)
    0x000043d0   0x000043d0   0x00000004   Code   RO          993    x$fpl$printf1       fz_ts.l(printf1.o)
    0x000043d4   0x000043d4   0x00000000   Code   RO         1019    x$fpl$usenofp       fz_ts.l(usenofp.o)
    0x000043d4   0x000043d4   0x0000007e   Data   RO          674    .constdata          test_xx.o
    0x00004452   0x00004452   0x00000002   PAD
    0x00004454   0x00004454   0x00000094   Data   RO         1051    .constdata          c_t.l(bigflt0.o)
    0x000044e8   0x000044e8   0x00000020   Data   RO         1251    Region$$Table       anon$$obj.o
    0x00004508   0x00004508   0x0000001c   Data   RO         1075    locale$$data        c_t.l(lc_numeric_c.o)


    Execution Region RW_IRAM1 (Exec base: 0x40000000, Load base: 0x00004524, Size: 0x00004888, Max: 0x00008000, ABSOLUTE)

    Exec Addr    Load Addr    Size         Type   Attr      Idx    E Section Name        Object

    0x40000000   0x00004524   0x0000003c   Data   RW          288    .data               tasks.o
    0x4000003c   0x00004560   0x00000004   Data   RW          553    .data               port.o
    0x40000040   0x00004564   0x00000018   Data   RW          600    .data               heap_2.o
    0x40000058   0x0000457c   0x000000ac   Data   RW          675    .data               test_xx.o
    0x40000104        -       0x000000b4   Zero   RW          287    .bss                tasks.o
    0x400001b8        -       0x00004000   Zero   RW          599    .bss                heap_2.o
    0x400041b8        -       0x00000050   Zero   RW          673    .bss                test_xx.o
    0x40004208        -       0x00000060   Zero   RW         1087    .bss                c_t.l(libspace.o)
    0x40004268        -       0x00000000   Zero   RW            2    HEAP                startup.o
    0x40004268        -       0x00000620   Zero   RW            1    STACK               startup.o


==============================================================================

Image component sizes


      Code (inc. data)   RO Data    RW Data    ZI Data      Debug   Object Name

       532         44          0         24      16384       3451   heap_2.o
       180          0          0          0          0      14412   list.o
       508         40          0          4          0       3779   port.o
       396         24          0          0          0        268   portasm.o
         0          0          0          0          0       3052   queue.o
       292         60          0          0       1568        580   startup.o
      2416        208          0         60        180      11540   tasks.o
      4224        320        126        172         80      16672   test_xx.o

    ----------------------------------------------------------------------
      8560        700        160        260      18212      53754   Object Totals
        12          4         32          0          0          0   (incl. Generated)
         0          0          2          0          0          0   (incl. Padding)

    ----------------------------------------------------------------------

      Code (inc. data)   RO Data    RW Data    ZI Data      Debug   Library Member Name

         8          0          0          0          0         68   __main.o
         4          0          0          0          0        120   __printf.o
       300          0          0          0          0        152   __printf_wp.o
         0          0          0          0          0          0   __rtentry.o
        44          4          0          0          0          0   __rtentry2.o
         8          0          0          0          0          0   __rtentry4.o
        60          8          0          0          0          0   __scatter.o
        40          0          0          0          0          0   __scatter_copy.o
        44          0          0          0          0          0   __scatter_zi.o
        48          4          0          0          0         96   _printf_char_common.o
         8          0          0          0          0          0   _printf_d.o
       120         18          0          0          0         88   _printf_dec.o
         8          0          0          0          0          0   _printf_f.o
      1056         12          0          0          0        188   _printf_fp_dec.o
       144         16          0          0          0         88   _printf_fp_infnan.o
       186          0          0          0          0         96   _printf_intcommon.o
         4          0          0          0          0          0   _printf_percent.o
         8          0          0          0          0          0   _printf_percent_end.o
        10          0          0          0          0         60   _sputc.o
        16          0          0          0          0         68   aeabi_memset.o
       388          0          0          0          0         80   aeabi_sdiv.o
       220          6        148          0          0         96   bigflt0.o
      2072        128          0          0          0        700   btod.o
        20          0          0          0          0         80   exit.o
         6          0          0          0          0        136   heapauxi.o
         0          0          0          0          0          0   indicate_semi.o
        84          8         28          0          0         92   lc_numeric_c.o
        10          0          0          0          0          0   libinit.o
        28          0          0          0          0          0   libinit2.o
        12          0          0          0          0          0   libshutdown.o
         6          0          0          0          0          0   libshutdown2.o
        12          4          0          0         96         68   libspace.o
       164          0          0          0          0         96   lludiv10.o
        48          4          0          0          0         84   noretval__2sprintf.o
        16          4          0          0          0         68   rt_locale_intlibspace.o
        64          0          0          0          0         68   rt_memclr.o
        84          0          0          0          0         80   rt_memclr_w.o
       100          0          0          0          0         80   rt_memcpy_w.o
         8          0          0          0          0          0   rtexit.o
        12          0          0          0          0          0   rtexit2.o
        48          0          0          0          0         68   rtudiv10.o
       244          4          0          0          0         80   strcmp.o
        20          4          0          0          0         60   sys_exit.o
        96          0          0          0          0         80   sys_stackheap_outer.o
         4          0          0          0          0         68   use_no_semi.o
       108          4          0          0          0         92   d2f.o
       736        140          0          0          0        228   ddiv.o
       100          0          0          0          0        136   dflt_noclz.o
       384         16          0          0          0        124   dmul.o
       192          0          0          0          0        108   dnaninf.o
        16          0          0          0          0         68   dretinf.o
       100          4          0          0          0         84   f2d.o
        28          0          0          0          0         68   fcmpi.o
       400         76          0          0          0         96   fdiv.o
        84          4          0          0          0         84   ffixu.o
       132          4          0          0          0         84   fleqf.o
       256          4          0          0          0         84   fmul.o
       168          0          0          0          0         96   fnaninf.o
        16          0          0          0          0         68   fretinf.o
       124          0          0          0          0         68   frleqf.o
        12          0          0          0          0         68   istatus.o
         4          0          0          0          0         68   printf1.o
         0          0          0          0          0          0   usenofp.o
        52          0          0          0          0         68   fpclassify.o

    ----------------------------------------------------------------------
      8804        476        176          0         96       4800   Library Totals
        10          0          0          0          0          0   (incl. Padding)

    ----------------------------------------------------------------------

      Code (inc. data)   RO Data    RW Data    ZI Data      Debug   Library Name

      5882        224        176          0         96       3108   c_t.l
      2860        252          0          0          0       1624   fz_ts.l
        52          0          0          0          0         68   m_ts.l

    ----------------------------------------------------------------------
      8804        476        176          0         96       4800   Library Totals

    ----------------------------------------------------------------------

==============================================================================


      Code (inc. data)   RO Data    RW Data    ZI Data      Debug   

     17364       1176        336        260      18308      53314   Grand Totals
     17364       1176        336        260      18308      53314   ELF Image Totals
     17364       1176        336        260          0          0   ROM Totals

==============================================================================

    Total RO  Size (Code + RO Data)                17700 (  17.29kB)
    Total RW  Size (RW Data + ZI Data)             18568 (  18.13kB)
    Total ROM Size (Code + RO Data + RW Data)      17960 (  17.54kB)

==============================================================================

